Terminals unused in grammar

    NUM
    COMMENT
    LEXICALERROR
    "{"
    "}"
    NL
    "%type"


Grammar

    0 $accept: command $end

    1 command: Notation

    2 Notation: "%notation" ID "%package" ID OptPath OptDialects Tables OptInclude Tokens "%rules" OptInclude Rules OptSemicolon

    3 OptPath: ε
    4        | "%path" ID

    5 OptInclude: ε
    6           | "%include" CODE

    7 OptDialects: "%dialect" ID "%scalalr" ID
    8            | "%scalalr" ID "%dialect" ID
    9            | ε

   10 Tokens: ε
   11       | TokenSpec Tokens

   12 TokenSpec: "%left" TypedTerminals
   13          | "%right" TypedTerminals
   14          | "%non" TypedTerminals
   15          | "%token" TypedTerminals

   16 TypedTerminals: TypedTerminal
   17               | TypedTerminal TypedTerminals

   18 TypedTerminal: ID ":" Type
   19              | ID "(" Type ")"
   20              | ID

   21 Tables: ε
   22       | "%tables" ID

   23 Rules: Rule
   24      | Rules ";" Rule

   25 Rule: LHS "=" RHS

   26 OptSemicolon: ε
   27             | ";"

   28 LHS: ID ":" Type
   29    | ID

   30 RHS: Production
   31    | Production "|" RHS

   32 Production: NamedFields Action Precedence

   33 NamedFields: "%empty"
   34            | NamedField
   35            | NamedField NamedFields

   36 NamedField: ID
   37           | ID ":" ID

   38 Action: ε
   39       | CODE

   40 Precedence: ε
   41           | "%prec" ID

   42 Type: ID
   43     | ID "[" Types "]"
   44     | "(" Types ")"
   45     | "(" ")"

   46 Types: Type
   47      | Type "," Types


Terminals, with rules where they appear

    $end (0) 0
    error (256)
    ID (258) 2 4 7 8 18 19 20 22 28 29 36 37 41 42 43
    NUM (259)
    CODE (260) 6 39
    COMMENT (261)
    LEXICALERROR (262)
    "[" (263) 43
    "]" (264) 43
    ";" (265) 24 27
    "=" (266) 25
    "|" (267) 31
    ":" (268) 18 28 37
    "{" (269)
    "}" (270)
    "(" (271) 19 44 45
    ")" (272) 19 44 45
    "," (273) 47
    NL (274)
    "%path" (275) 4
    "%type" (276)
    "%empty" (277) 33
    "%notation" (278) 2
    "%package" (279) 2
    "%token" (280) 15
    "%left" (281) 12
    "%right" (282) 13
    "%non" (283) 14
    "%rules" (284) 2
    "%include" (285) 6
    "%prec" (286) 41
    "%tables" (287) 22
    "%dialect" (288) 7 8
    "%scalalr" (289) 7 8


Nonterminals, with rules where they appear

    $accept (35)
        on left: 0
    command (36)
        on left: 1
        on right: 0
    Notation (37)
        on left: 2
        on right: 1
    OptPath (38)
        on left: 3 4
        on right: 2
    OptInclude (39)
        on left: 5 6
        on right: 2
    OptDialects (40)
        on left: 7 8 9
        on right: 2
    Tokens (41)
        on left: 10 11
        on right: 2 11
    TokenSpec (42)
        on left: 12 13 14 15
        on right: 11
    TypedTerminals (43)
        on left: 16 17
        on right: 12 13 14 15 17
    TypedTerminal (44)
        on left: 18 19 20
        on right: 16 17
    Tables (45)
        on left: 21 22
        on right: 2
    Rules (46)
        on left: 23 24
        on right: 2 24
    Rule (47)
        on left: 25
        on right: 23 24
    OptSemicolon (48)
        on left: 26 27
        on right: 2
    LHS (49)
        on left: 28 29
        on right: 25
    RHS (50)
        on left: 30 31
        on right: 25 31
    Production (51)
        on left: 32
        on right: 30 31
    NamedFields (52)
        on left: 33 34 35
        on right: 32 35
    NamedField (53)
        on left: 36 37
        on right: 34 35
    Action (54)
        on left: 38 39
        on right: 32
    Precedence (55)
        on left: 40 41
        on right: 32
    Type (56)
        on left: 42 43 44 45
        on right: 18 19 28 46 47
    Types (57)
        on left: 46 47
        on right: 43 44 47


State 0

    0 $accept: • command $end

    "%notation"  shift, and go to state 1

    command   go to state 2
    Notation  go to state 3


State 1

    2 Notation: "%notation" • ID "%package" ID OptPath OptDialects Tables OptInclude Tokens "%rules" OptInclude Rules OptSemicolon

    ID  shift, and go to state 4


State 2

    0 $accept: command • $end

    $end  shift, and go to state 5


State 3

    1 command: Notation •

    $default  reduce using rule 1 (command)


State 4

    2 Notation: "%notation" ID • "%package" ID OptPath OptDialects Tables OptInclude Tokens "%rules" OptInclude Rules OptSemicolon

    "%package"  shift, and go to state 6


State 5

    0 $accept: command $end •

    $default  accept


State 6

    2 Notation: "%notation" ID "%package" • ID OptPath OptDialects Tables OptInclude Tokens "%rules" OptInclude Rules OptSemicolon

    ID  shift, and go to state 7


State 7

    2 Notation: "%notation" ID "%package" ID • OptPath OptDialects Tables OptInclude Tokens "%rules" OptInclude Rules OptSemicolon

    "%path"  shift, and go to state 8

    $default  reduce using rule 3 (OptPath)

    OptPath  go to state 9


State 8

    4 OptPath: "%path" • ID

    ID  shift, and go to state 10


State 9

    2 Notation: "%notation" ID "%package" ID OptPath • OptDialects Tables OptInclude Tokens "%rules" OptInclude Rules OptSemicolon

    "%dialect"  shift, and go to state 11
    "%scalalr"  shift, and go to state 12

    $default  reduce using rule 9 (OptDialects)

    OptDialects  go to state 13


State 10

    4 OptPath: "%path" ID •

    $default  reduce using rule 4 (OptPath)


State 11

    7 OptDialects: "%dialect" • ID "%scalalr" ID

    ID  shift, and go to state 14


State 12

    8 OptDialects: "%scalalr" • ID "%dialect" ID

    ID  shift, and go to state 15


State 13

    2 Notation: "%notation" ID "%package" ID OptPath OptDialects • Tables OptInclude Tokens "%rules" OptInclude Rules OptSemicolon

    "%tables"  shift, and go to state 16

    $default  reduce using rule 21 (Tables)

    Tables  go to state 17


State 14

    7 OptDialects: "%dialect" ID • "%scalalr" ID

    "%scalalr"  shift, and go to state 18


State 15

    8 OptDialects: "%scalalr" ID • "%dialect" ID

    "%dialect"  shift, and go to state 19


State 16

   22 Tables: "%tables" • ID

    ID  shift, and go to state 20


State 17

    2 Notation: "%notation" ID "%package" ID OptPath OptDialects Tables • OptInclude Tokens "%rules" OptInclude Rules OptSemicolon

    "%include"  shift, and go to state 21

    $default  reduce using rule 5 (OptInclude)

    OptInclude  go to state 22


State 18

    7 OptDialects: "%dialect" ID "%scalalr" • ID

    ID  shift, and go to state 23


State 19

    8 OptDialects: "%scalalr" ID "%dialect" • ID

    ID  shift, and go to state 24


State 20

   22 Tables: "%tables" ID •

    $default  reduce using rule 22 (Tables)


State 21

    6 OptInclude: "%include" • CODE

    CODE  shift, and go to state 25


State 22

    2 Notation: "%notation" ID "%package" ID OptPath OptDialects Tables OptInclude • Tokens "%rules" OptInclude Rules OptSemicolon

    "%token"  shift, and go to state 26
    "%left"  shift, and go to state 27
    "%right"  shift, and go to state 28
    "%non"  shift, and go to state 29

    $default  reduce using rule 10 (Tokens)

    Tokens     go to state 30
    TokenSpec  go to state 31


State 23

    7 OptDialects: "%dialect" ID "%scalalr" ID •

    $default  reduce using rule 7 (OptDialects)


State 24

    8 OptDialects: "%scalalr" ID "%dialect" ID •

    $default  reduce using rule 8 (OptDialects)


State 25

    6 OptInclude: "%include" CODE •

    $default  reduce using rule 6 (OptInclude)


State 26

   15 TokenSpec: "%token" • TypedTerminals

    ID  shift, and go to state 32

    TypedTerminals  go to state 33
    TypedTerminal   go to state 34


State 27

   12 TokenSpec: "%left" • TypedTerminals

    ID  shift, and go to state 32

    TypedTerminals  go to state 35
    TypedTerminal   go to state 34


State 28

   13 TokenSpec: "%right" • TypedTerminals

    ID  shift, and go to state 32

    TypedTerminals  go to state 36
    TypedTerminal   go to state 34


State 29

   14 TokenSpec: "%non" • TypedTerminals

    ID  shift, and go to state 32

    TypedTerminals  go to state 37
    TypedTerminal   go to state 34


State 30

    2 Notation: "%notation" ID "%package" ID OptPath OptDialects Tables OptInclude Tokens • "%rules" OptInclude Rules OptSemicolon

    "%rules"  shift, and go to state 38


State 31

   11 Tokens: TokenSpec • Tokens

    "%token"  shift, and go to state 26
    "%left"  shift, and go to state 27
    "%right"  shift, and go to state 28
    "%non"  shift, and go to state 29

    $default  reduce using rule 10 (Tokens)

    Tokens     go to state 39
    TokenSpec  go to state 31


State 32

   18 TypedTerminal: ID • ":" Type
   19              | ID • "(" Type ")"
   20              | ID •

    ":"  shift, and go to state 40
    "("  shift, and go to state 41

    $default  reduce using rule 20 (TypedTerminal)


State 33

   15 TokenSpec: "%token" TypedTerminals •

    $default  reduce using rule 15 (TokenSpec)


State 34

   16 TypedTerminals: TypedTerminal •
   17               | TypedTerminal • TypedTerminals

    ID  shift, and go to state 32

    $default  reduce using rule 16 (TypedTerminals)

    TypedTerminals  go to state 42
    TypedTerminal   go to state 34


State 35

   12 TokenSpec: "%left" TypedTerminals •

    $default  reduce using rule 12 (TokenSpec)


State 36

   13 TokenSpec: "%right" TypedTerminals •

    $default  reduce using rule 13 (TokenSpec)


State 37

   14 TokenSpec: "%non" TypedTerminals •

    $default  reduce using rule 14 (TokenSpec)


State 38

    2 Notation: "%notation" ID "%package" ID OptPath OptDialects Tables OptInclude Tokens "%rules" • OptInclude Rules OptSemicolon

    "%include"  shift, and go to state 21

    $default  reduce using rule 5 (OptInclude)

    OptInclude  go to state 43


State 39

   11 Tokens: TokenSpec Tokens •

    $default  reduce using rule 11 (Tokens)


State 40

   18 TypedTerminal: ID ":" • Type

    ID      shift, and go to state 44
    "("  shift, and go to state 45

    Type  go to state 46


State 41

   19 TypedTerminal: ID "(" • Type ")"

    ID      shift, and go to state 44
    "("  shift, and go to state 45

    Type  go to state 47


State 42

   17 TypedTerminals: TypedTerminal TypedTerminals •

    $default  reduce using rule 17 (TypedTerminals)


State 43

    2 Notation: "%notation" ID "%package" ID OptPath OptDialects Tables OptInclude Tokens "%rules" OptInclude • Rules OptSemicolon

    ID  shift, and go to state 48

    Rules  go to state 49
    Rule   go to state 50
    LHS    go to state 51


State 44

   42 Type: ID •
   43     | ID • "[" Types "]"

    "["  shift, and go to state 52

    $default  reduce using rule 42 (Type)


State 45

   44 Type: "(" • Types ")"
   45     | "(" • ")"

    ID      shift, and go to state 44
    "("  shift, and go to state 45
    ")"  shift, and go to state 53

    Type   go to state 54
    Types  go to state 55


State 46

   18 TypedTerminal: ID ":" Type •

    $default  reduce using rule 18 (TypedTerminal)


State 47

   19 TypedTerminal: ID "(" Type • ")"

    ")"  shift, and go to state 56


State 48

   28 LHS: ID • ":" Type
   29    | ID •

    ":"  shift, and go to state 57

    $default  reduce using rule 29 (LHS)


State 49

    2 Notation: "%notation" ID "%package" ID OptPath OptDialects Tables OptInclude Tokens "%rules" OptInclude Rules • OptSemicolon
   24 Rules: Rules • ";" Rule

    ";"  shift, and go to state 58

    $default  reduce using rule 26 (OptSemicolon)

    OptSemicolon  go to state 59


State 50

   23 Rules: Rule •

    $default  reduce using rule 23 (Rules)


State 51

   25 Rule: LHS • "=" RHS

    "="  shift, and go to state 60


State 52

   43 Type: ID "[" • Types "]"

    ID      shift, and go to state 44
    "("  shift, and go to state 45

    Type   go to state 54
    Types  go to state 61


State 53

   45 Type: "(" ")" •

    $default  reduce using rule 45 (Type)


State 54

   46 Types: Type •
   47      | Type • "," Types

    ","  shift, and go to state 62

    $default  reduce using rule 46 (Types)


State 55

   44 Type: "(" Types • ")"

    ")"  shift, and go to state 63


State 56

   19 TypedTerminal: ID "(" Type ")" •

    $default  reduce using rule 19 (TypedTerminal)


State 57

   28 LHS: ID ":" • Type

    ID      shift, and go to state 44
    "("  shift, and go to state 45

    Type  go to state 64


State 58

   24 Rules: Rules ";" • Rule
   27 OptSemicolon: ";" •

    ID  shift, and go to state 48

    $default  reduce using rule 27 (OptSemicolon)

    Rule  go to state 65
    LHS   go to state 51


State 59

    2 Notation: "%notation" ID "%package" ID OptPath OptDialects Tables OptInclude Tokens "%rules" OptInclude Rules OptSemicolon •

    $default  reduce using rule 2 (Notation)


State 60

   25 Rule: LHS "=" • RHS

    ID      shift, and go to state 66
    "%empty"  shift, and go to state 67

    RHS          go to state 68
    Production   go to state 69
    NamedFields  go to state 70
    NamedField   go to state 71


State 61

   43 Type: ID "[" Types • "]"

    "]"  shift, and go to state 72


State 62

   47 Types: Type "," • Types

    ID      shift, and go to state 44
    "("  shift, and go to state 45

    Type   go to state 54
    Types  go to state 73


State 63

   44 Type: "(" Types ")" •

    $default  reduce using rule 44 (Type)


State 64

   28 LHS: ID ":" Type •

    $default  reduce using rule 28 (LHS)


State 65

   24 Rules: Rules ";" Rule •

    $default  reduce using rule 24 (Rules)


State 66

   36 NamedField: ID •
   37           | ID • ":" ID

    ":"  shift, and go to state 74

    $default  reduce using rule 36 (NamedField)


State 67

   33 NamedFields: "%empty" •

    $default  reduce using rule 33 (NamedFields)


State 68

   25 Rule: LHS "=" RHS •

    $default  reduce using rule 25 (Rule)


State 69

   30 RHS: Production •
   31    | Production • "|" RHS

    "|"  shift, and go to state 75

    $default  reduce using rule 30 (RHS)


State 70

   32 Production: NamedFields • Action Precedence

    CODE  shift, and go to state 76

    $default  reduce using rule 38 (Action)

    Action  go to state 77


State 71

   34 NamedFields: NamedField •
   35            | NamedField • NamedFields

    ID      shift, and go to state 66
    "%empty"  shift, and go to state 67

    $default  reduce using rule 34 (NamedFields)

    NamedFields  go to state 78
    NamedField   go to state 71


State 72

   43 Type: ID "[" Types "]" •

    $default  reduce using rule 43 (Type)


State 73

   47 Types: Type "," Types •

    $default  reduce using rule 47 (Types)


State 74

   37 NamedField: ID ":" • ID

    ID  shift, and go to state 79


State 75

   31 RHS: Production "|" • RHS

    ID      shift, and go to state 66
    "%empty"  shift, and go to state 67

    RHS          go to state 80
    Production   go to state 69
    NamedFields  go to state 70
    NamedField   go to state 71


State 76

   39 Action: CODE •

    $default  reduce using rule 39 (Action)


State 77

   32 Production: NamedFields Action • Precedence

    "%prec"  shift, and go to state 81

    $default  reduce using rule 40 (Precedence)

    Precedence  go to state 82


State 78

   35 NamedFields: NamedField NamedFields •

    $default  reduce using rule 35 (NamedFields)


State 79

   37 NamedField: ID ":" ID •

    $default  reduce using rule 37 (NamedField)


State 80

   31 RHS: Production "|" RHS •

    $default  reduce using rule 31 (RHS)


State 81

   41 Precedence: "%prec" • ID

    ID  shift, and go to state 83


State 82

   32 Production: NamedFields Action Precedence •

    $default  reduce using rule 32 (Production)


State 83

   41 Precedence: "%prec" ID •

    $default  reduce using rule 41 (Precedence)
