Terminals unused in grammar

    LEXICALERROR


Grammar

    0 $accept: ids $end

    1 ids: S_1

    2 S_1_L: ID
    3      | S_1_L `;` ID

    4 S_1: S_1_L


Terminals, with rules where they appear

    $end (0) 0
    error (256)
    ID (258) 2 3
    `;` (259) 3
    LEXICALERROR (260)


Nonterminals, with rules where they appear

    $accept (6)
        on left: 0
    ids (7)
        on left: 1
        on right: 0
    S_1_L (8)
        on left: 2 3
        on right: 3 4
    S_1 (9)
        on left: 4
        on right: 1


State 0

    0 $accept: • ids $end

    ID  shift, and go to state 1

    ids  go to state 2
    S_1_L  go to state 3
    S_1  go to state 4


State 1

    2 S_1_L: ID •

    $default  reduce using rule 2 (S_1_L)


State 2

    0 $accept: ids • $end

    $end  shift, and go to state 5


State 3

    3 S_1_L: S_1_L • `;` ID
    4 S_1: S_1_L •

    `;`  shift, and go to state 6

    $default  reduce using rule 4 (S_1)


State 4

    1 ids: S_1 •

    $default  reduce using rule 1 (ids)


State 5

    0 $accept: ids $end •

    $default  accept


State 6

    3 S_1_L: S_1_L `;` • ID

    ID  shift, and go to state 7


State 7

    3 S_1_L: S_1_L `;` ID •

    $default  reduce using rule 3 (S_1_L)
