Terminals unused in grammar

    COMMENT
    LEXICALERROR
    `;`
    `{`
    `}`
    `%type`


Grammar

    0 $accept: Notation $end

    1 Notation: Prefix `%rules` INCLUDE Rules OPTNL

    2 Prefix: ε
    3      | Prefix `%notation` ID
    4      | Prefix `%package` ID
    5      | Prefix `%path` STRINGorID
    6      | Prefix `%tables` STRINGorID
    7      | Prefix `%include` CODE
    8      | Prefix `%token` TypedTerminals
    9      | Prefix `%left` TypedTerminals
   10      | Prefix `%right` TypedTerminals
   11      | Prefix `%non` TypedTerminals
   12      | Prefix `%prec` TypedTerminals
   13      | Prefix `%dialect` STRINGorID
   14      | Prefix `%scalalr` STRINGorID
   15      | Prefix `%signature` STRINGorID

   16 INCLUDE: `%include` CODE SEPARATOR
   17      | ε

   18 OPTNL: ε
   19      | SEPARATOR

   20 STRINGorID: ID
   21      | STRING

   22 TypedTerminals: ε
   23      | TypedTerminal TypedTerminals

   24 TypedTerminal: STRINGorID `:` Type
   25      | STRINGorID `(` Type `)`
   26      | STRINGorID

   27 Rules: Rule
   28      | Rules SEPARATOR Rule

   29 Rule: LHS `=` OptBar RHS

   30 OptBar: `|`
   31      | ε

   32 LHS: ID `:` Type
   33      | ID

   34 RHS: Production
   35      | Production `|` RHS

   36 Production: NamedFields Action Precedence

   37 NamedFields: `%empty`
   38      | NamedField
   39      | NamedField NamedFields

   40 NamedField: FIELD
   41      | ID `:` FIELD

   42 FIELD: ID
   43      | STRING
   44      | `(` NamedFields `)` REPEAT

   45 REPEAT: `?`
   46      | `*`
   47      | `+`
   48      | `*` `.` `.`
   49      | `+` `.` `.`
   50      | `.` `.` `.`

   51 Precedence: ε
   52      | `%prec` ID

   53 Type: ID
   54      | ID `[` Types `]`
   55      | `(` Types `)`
   56      | `(` `)`

   57 Types: Type
   58      | Type `,` Types

   59 Action: ε
   60      | CODE
   61      | `=>` Scala

   62 Scala: ScalaAtom
   63      | ScalaID `(` Scalas `)`
   64      | ScalaID `.` ScalaID `(` Scalas `)`
   65      | ScalaID `.` ScalaID
   66      | Scala `::` Scala
   67      | Scala `+` Scala
   68      | Scala `-` Scala

   69 Scalas: S_1

   70 ScalaAtom: ScalaID
   71      | NUM
   72      | STRING
   73      | `(` Scalas `)`

   74 ScalaID: ID
   75      | `$` ID

   76 S_1_L: Scala
   77      | S_1_L `,` Scala

   78 S_1: ε
   79      | S_1_L


Terminals, with rules where they appear

    $end (0) 0
    error (256)
    `$` (258) 75
    ID (259) 3 4 20 32 33 41 42 52 53 54 74 75
    NUM (260) 71
    CODE (261) 7 16 60
    STRING (262) 21 43 72
    COMMENT (263)
    LEXICALERROR (264)
    `[` (265) 54
    `]` (266) 54
    `;` (267)
    `=` (268) 29
    `|` (269) 30 35
    `:` (270) 24 32 41
    `{` (271)
    `}` (272)
    `(` (273) 25 44 55 56 63 64 73
    `)` (274) 25 44 55 56 63 64 73
    `,` (275) 58 77
    `*` (276) 46 48
    `?` (277) 45
    SEPARATOR (278) 16 19 28
    `=>` (279) 61
    `%path` (280) 5
    `%type` (281)
    `%empty` (282) 37
    `%notation` (283) 3
    `%package` (284) 4
    `%token` (285) 8
    `%left` (286) 9
    `%right` (287) 10
    `%non` (288) 11
    `%rules` (289) 1
    `%include` (290) 7 16
    `%prec` (291) 12 52
    `%tables` (292) 6
    `%dialect` (293) 13
    `%scalalr` (294) 14
    `%signature` (295) 15
    `::` (296) 66
    `+` (297) 47 49 67
    `-` (298) 68
    `.` (299) 48 49 50 64 65


Nonterminals, with rules where they appear

    $accept (45)
        on left: 0
    Notation (46)
        on left: 1
        on right: 0
    Prefix (47)
        on left: 2 3 4 5 6 7 8 9 10 11 12 13 14 15
        on right: 1 3 4 5 6 7 8 9 10 11 12 13 14 15
    INCLUDE (48)
        on left: 16 17
        on right: 1
    OPTNL (49)
        on left: 18 19
        on right: 1
    STRINGorID (50)
        on left: 20 21
        on right: 5 6 13 14 15 24 25 26
    TypedTerminals (51)
        on left: 22 23
        on right: 8 9 10 11 12 23
    TypedTerminal (52)
        on left: 24 25 26
        on right: 23
    Rules (53)
        on left: 27 28
        on right: 1 28
    Rule (54)
        on left: 29
        on right: 27 28
    OptBar (55)
        on left: 30 31
        on right: 29
    LHS (56)
        on left: 32 33
        on right: 29
    RHS (57)
        on left: 34 35
        on right: 29 35
    Production (58)
        on left: 36
        on right: 34 35
    NamedFields (59)
        on left: 37 38 39
        on right: 36 39 44
    NamedField (60)
        on left: 40 41
        on right: 38 39
    FIELD (61)
        on left: 42 43 44
        on right: 40 41
    REPEAT (62)
        on left: 45 46 47 48 49 50
        on right: 44
    Precedence (63)
        on left: 51 52
        on right: 36
    Type (64)
        on left: 53 54 55 56
        on right: 24 25 32 57 58
    Types (65)
        on left: 57 58
        on right: 54 55 58
    Action (66)
        on left: 59 60 61
        on right: 36
    Scala (67)
        on left: 62 63 64 65 66 67 68
        on right: 61 66 67 68 76 77
    Scalas (68)
        on left: 69
        on right: 63 64 73
    ScalaAtom (69)
        on left: 70 71 72 73
        on right: 62
    ScalaID (70)
        on left: 74 75
        on right: 63 64 65 70
    S_1_L (71)
        on left: 76 77
        on right: 77 79
    S_1 (72)
        on left: 78 79
        on right: 69


State 0

    0 $accept: • Notation $end

    $default  reduce using rule 2 (Prefix)

    Notation  go to state 1
    Prefix  go to state 2


State 1

    0 $accept: Notation • $end

    $end  shift, and go to state 3


State 2

    1 Notation: Prefix • `%rules` INCLUDE Rules OPTNL
    3 Prefix: Prefix • `%notation` ID
    4      | Prefix • `%package` ID
    5      | Prefix • `%path` STRINGorID
    6      | Prefix • `%tables` STRINGorID
    7      | Prefix • `%include` CODE
    8      | Prefix • `%token` TypedTerminals
    9      | Prefix • `%left` TypedTerminals
   10      | Prefix • `%right` TypedTerminals
   11      | Prefix • `%non` TypedTerminals
   12      | Prefix • `%prec` TypedTerminals
   13      | Prefix • `%dialect` STRINGorID
   14      | Prefix • `%scalalr` STRINGorID
   15      | Prefix • `%signature` STRINGorID

    `%path`  shift, and go to state 4
    `%notation`  shift, and go to state 5
    `%package`  shift, and go to state 6
    `%token`  shift, and go to state 7
    `%left`  shift, and go to state 8
    `%right`  shift, and go to state 9
    `%non`  shift, and go to state 10
    `%rules`  shift, and go to state 11
    `%include`  shift, and go to state 12
    `%prec`  shift, and go to state 13
    `%tables`  shift, and go to state 14
    `%dialect`  shift, and go to state 15
    `%scalalr`  shift, and go to state 16
    `%signature`  shift, and go to state 17


State 3

    0 $accept: Notation $end •

    $default  accept


State 4

    5 Prefix: Prefix `%path` • STRINGorID

    ID  shift, and go to state 18
    STRING  shift, and go to state 19

    STRINGorID  go to state 20


State 5

    3 Prefix: Prefix `%notation` • ID

    ID  shift, and go to state 21


State 6

    4 Prefix: Prefix `%package` • ID

    ID  shift, and go to state 22


State 7

    8 Prefix: Prefix `%token` • TypedTerminals

    ID  shift, and go to state 18
    STRING  shift, and go to state 19

    $default  reduce using rule 22 (TypedTerminals)

    STRINGorID  go to state 23
    TypedTerminals  go to state 24
    TypedTerminal  go to state 25


State 8

    9 Prefix: Prefix `%left` • TypedTerminals

    ID  shift, and go to state 18
    STRING  shift, and go to state 19

    $default  reduce using rule 22 (TypedTerminals)

    STRINGorID  go to state 23
    TypedTerminals  go to state 26
    TypedTerminal  go to state 25


State 9

   10 Prefix: Prefix `%right` • TypedTerminals

    ID  shift, and go to state 18
    STRING  shift, and go to state 19

    $default  reduce using rule 22 (TypedTerminals)

    STRINGorID  go to state 23
    TypedTerminals  go to state 27
    TypedTerminal  go to state 25


State 10

   11 Prefix: Prefix `%non` • TypedTerminals

    ID  shift, and go to state 18
    STRING  shift, and go to state 19

    $default  reduce using rule 22 (TypedTerminals)

    STRINGorID  go to state 23
    TypedTerminals  go to state 28
    TypedTerminal  go to state 25


State 11

    1 Notation: Prefix `%rules` • INCLUDE Rules OPTNL

    `%include`  shift, and go to state 29

    $default  reduce using rule 17 (INCLUDE)

    INCLUDE  go to state 30


State 12

    7 Prefix: Prefix `%include` • CODE

    CODE  shift, and go to state 31


State 13

   12 Prefix: Prefix `%prec` • TypedTerminals

    ID  shift, and go to state 18
    STRING  shift, and go to state 19

    $default  reduce using rule 22 (TypedTerminals)

    STRINGorID  go to state 23
    TypedTerminals  go to state 32
    TypedTerminal  go to state 25


State 14

    6 Prefix: Prefix `%tables` • STRINGorID

    ID  shift, and go to state 18
    STRING  shift, and go to state 19

    STRINGorID  go to state 33


State 15

   13 Prefix: Prefix `%dialect` • STRINGorID

    ID  shift, and go to state 18
    STRING  shift, and go to state 19

    STRINGorID  go to state 34


State 16

   14 Prefix: Prefix `%scalalr` • STRINGorID

    ID  shift, and go to state 18
    STRING  shift, and go to state 19

    STRINGorID  go to state 35


State 17

   15 Prefix: Prefix `%signature` • STRINGorID

    ID  shift, and go to state 18
    STRING  shift, and go to state 19

    STRINGorID  go to state 36


State 18

   20 STRINGorID: ID •

    $default  reduce using rule 20 (STRINGorID)


State 19

   21 STRINGorID: STRING •

    $default  reduce using rule 21 (STRINGorID)


State 20

    5 Prefix: Prefix `%path` STRINGorID •

    $default  reduce using rule 5 (Prefix)


State 21

    3 Prefix: Prefix `%notation` ID •

    $default  reduce using rule 3 (Prefix)


State 22

    4 Prefix: Prefix `%package` ID •

    $default  reduce using rule 4 (Prefix)


State 23

   24 TypedTerminal: STRINGorID • `:` Type
   25      | STRINGorID • `(` Type `)`
   26      | STRINGorID •

    `:`  shift, and go to state 37
    `(`  shift, and go to state 38

    $default  reduce using rule 26 (TypedTerminal)


State 24

    8 Prefix: Prefix `%token` TypedTerminals •

    $default  reduce using rule 8 (Prefix)


State 25

   23 TypedTerminals: TypedTerminal • TypedTerminals

    ID  shift, and go to state 18
    STRING  shift, and go to state 19

    $default  reduce using rule 22 (TypedTerminals)

    STRINGorID  go to state 23
    TypedTerminals  go to state 39
    TypedTerminal  go to state 25


State 26

    9 Prefix: Prefix `%left` TypedTerminals •

    $default  reduce using rule 9 (Prefix)


State 27

   10 Prefix: Prefix `%right` TypedTerminals •

    $default  reduce using rule 10 (Prefix)


State 28

   11 Prefix: Prefix `%non` TypedTerminals •

    $default  reduce using rule 11 (Prefix)


State 29

   16 INCLUDE: `%include` • CODE SEPARATOR

    CODE  shift, and go to state 40


State 30

    1 Notation: Prefix `%rules` INCLUDE • Rules OPTNL

    ID  shift, and go to state 41

    Rules  go to state 42
    Rule  go to state 43
    LHS  go to state 44


State 31

    7 Prefix: Prefix `%include` CODE •

    $default  reduce using rule 7 (Prefix)


State 32

   12 Prefix: Prefix `%prec` TypedTerminals •

    $default  reduce using rule 12 (Prefix)


State 33

    6 Prefix: Prefix `%tables` STRINGorID •

    $default  reduce using rule 6 (Prefix)


State 34

   13 Prefix: Prefix `%dialect` STRINGorID •

    $default  reduce using rule 13 (Prefix)


State 35

   14 Prefix: Prefix `%scalalr` STRINGorID •

    $default  reduce using rule 14 (Prefix)


State 36

   15 Prefix: Prefix `%signature` STRINGorID •

    $default  reduce using rule 15 (Prefix)


State 37

   24 TypedTerminal: STRINGorID `:` • Type

    ID  shift, and go to state 45
    `(`  shift, and go to state 46

    Type  go to state 47


State 38

   25 TypedTerminal: STRINGorID `(` • Type `)`

    ID  shift, and go to state 45
    `(`  shift, and go to state 46

    Type  go to state 48


State 39

   23 TypedTerminals: TypedTerminal TypedTerminals •

    $default  reduce using rule 23 (TypedTerminals)


State 40

   16 INCLUDE: `%include` CODE • SEPARATOR

    SEPARATOR  shift, and go to state 49


State 41

   32 LHS: ID • `:` Type
   33      | ID •

    `:`  shift, and go to state 50

    $default  reduce using rule 33 (LHS)


State 42

    1 Notation: Prefix `%rules` INCLUDE Rules • OPTNL
   28 Rules: Rules • SEPARATOR Rule

    SEPARATOR  shift, and go to state 51

    $default  reduce using rule 18 (OPTNL)

    OPTNL  go to state 52


State 43

   27 Rules: Rule •

    $default  reduce using rule 27 (Rules)


State 44

   29 Rule: LHS • `=` OptBar RHS

    `=`  shift, and go to state 53


State 45

   53 Type: ID •
   54      | ID • `[` Types `]`

    `[`  shift, and go to state 54

    $default  reduce using rule 53 (Type)


State 46

   55 Type: `(` • Types `)`
   56      | `(` • `)`

    ID  shift, and go to state 45
    `(`  shift, and go to state 46
    `)`  shift, and go to state 55

    Type  go to state 56
    Types  go to state 57


State 47

   24 TypedTerminal: STRINGorID `:` Type •

    $default  reduce using rule 24 (TypedTerminal)


State 48

   25 TypedTerminal: STRINGorID `(` Type • `)`

    `)`  shift, and go to state 58


State 49

   16 INCLUDE: `%include` CODE SEPARATOR •

    $default  reduce using rule 16 (INCLUDE)


State 50

   32 LHS: ID `:` • Type

    ID  shift, and go to state 45
    `(`  shift, and go to state 46

    Type  go to state 59


State 51

   19 OPTNL: SEPARATOR •
   28 Rules: Rules SEPARATOR • Rule

    ID  shift, and go to state 41

    $default  reduce using rule 19 (OPTNL)

    Rule  go to state 60
    LHS  go to state 44


State 52

    1 Notation: Prefix `%rules` INCLUDE Rules OPTNL •

    $default  reduce using rule 1 (Notation)


State 53

   29 Rule: LHS `=` • OptBar RHS

    `|`  shift, and go to state 61

    $default  reduce using rule 31 (OptBar)

    OptBar  go to state 62


State 54

   54 Type: ID `[` • Types `]`

    ID  shift, and go to state 45
    `(`  shift, and go to state 46

    Type  go to state 56
    Types  go to state 63


State 55

   56 Type: `(` `)` •

    $default  reduce using rule 56 (Type)


State 56

   57 Types: Type •
   58      | Type • `,` Types

    `,`  shift, and go to state 64

    $default  reduce using rule 57 (Types)


State 57

   55 Type: `(` Types • `)`

    `)`  shift, and go to state 65


State 58

   25 TypedTerminal: STRINGorID `(` Type `)` •

    $default  reduce using rule 25 (TypedTerminal)


State 59

   32 LHS: ID `:` Type •

    $default  reduce using rule 32 (LHS)


State 60

   28 Rules: Rules SEPARATOR Rule •

    $default  reduce using rule 28 (Rules)


State 61

   30 OptBar: `|` •

    $default  reduce using rule 30 (OptBar)


State 62

   29 Rule: LHS `=` OptBar • RHS

    ID  shift, and go to state 66
    STRING  shift, and go to state 67
    `(`  shift, and go to state 68
    `%empty`  shift, and go to state 69

    RHS  go to state 70
    Production  go to state 71
    NamedFields  go to state 72
    NamedField  go to state 73
    FIELD  go to state 74


State 63

   54 Type: ID `[` Types • `]`

    `]`  shift, and go to state 75


State 64

   58 Types: Type `,` • Types

    ID  shift, and go to state 45
    `(`  shift, and go to state 46

    Type  go to state 56
    Types  go to state 76


State 65

   55 Type: `(` Types `)` •

    $default  reduce using rule 55 (Type)


State 66

   41 NamedField: ID • `:` FIELD
   42 FIELD: ID •

    `:`  shift, and go to state 77

    $default  reduce using rule 42 (FIELD)


State 67

   43 FIELD: STRING •

    $default  reduce using rule 43 (FIELD)


State 68

   44 FIELD: `(` • NamedFields `)` REPEAT

    ID  shift, and go to state 66
    STRING  shift, and go to state 67
    `(`  shift, and go to state 68
    `%empty`  shift, and go to state 69

    NamedFields  go to state 78
    NamedField  go to state 73
    FIELD  go to state 74


State 69

   37 NamedFields: `%empty` •

    $default  reduce using rule 37 (NamedFields)


State 70

   29 Rule: LHS `=` OptBar RHS •

    $default  reduce using rule 29 (Rule)


State 71

   34 RHS: Production •
   35      | Production • `|` RHS

    `|`  shift, and go to state 79

    $default  reduce using rule 34 (RHS)


State 72

   36 Production: NamedFields • Action Precedence

    CODE  shift, and go to state 80
    `=>`  shift, and go to state 81

    $default  reduce using rule 59 (Action)

    Action  go to state 82


State 73

   38 NamedFields: NamedField •
   39      | NamedField • NamedFields

    ID  shift, and go to state 66
    STRING  shift, and go to state 67
    `(`  shift, and go to state 68
    `%empty`  shift, and go to state 69

    $default  reduce using rule 38 (NamedFields)

    NamedFields  go to state 83
    NamedField  go to state 73
    FIELD  go to state 74


State 74

   40 NamedField: FIELD •

    $default  reduce using rule 40 (NamedField)


State 75

   54 Type: ID `[` Types `]` •

    $default  reduce using rule 54 (Type)


State 76

   58 Types: Type `,` Types •

    $default  reduce using rule 58 (Types)


State 77

   41 NamedField: ID `:` • FIELD

    ID  shift, and go to state 84
    STRING  shift, and go to state 67
    `(`  shift, and go to state 68

    FIELD  go to state 85


State 78

   44 FIELD: `(` NamedFields • `)` REPEAT

    `)`  shift, and go to state 86


State 79

   35 RHS: Production `|` • RHS

    ID  shift, and go to state 66
    STRING  shift, and go to state 67
    `(`  shift, and go to state 68
    `%empty`  shift, and go to state 69

    RHS  go to state 87
    Production  go to state 71
    NamedFields  go to state 72
    NamedField  go to state 73
    FIELD  go to state 74


State 80

   60 Action: CODE •

    $default  reduce using rule 60 (Action)


State 81

   61 Action: `=>` • Scala

    `$`  shift, and go to state 88
    ID  shift, and go to state 89
    NUM  shift, and go to state 90
    STRING  shift, and go to state 91
    `(`  shift, and go to state 92

    Scala  go to state 93
    ScalaAtom  go to state 94
    ScalaID  go to state 95


State 82

   36 Production: NamedFields Action • Precedence

    `%prec`  shift, and go to state 96

    $default  reduce using rule 51 (Precedence)

    Precedence  go to state 97


State 83

   39 NamedFields: NamedField NamedFields •

    $default  reduce using rule 39 (NamedFields)


State 84

   42 FIELD: ID •

    $default  reduce using rule 42 (FIELD)


State 85

   41 NamedField: ID `:` FIELD •

    $default  reduce using rule 41 (NamedField)


State 86

   44 FIELD: `(` NamedFields `)` • REPEAT

    `*`  shift, and go to state 98
    `?`  shift, and go to state 99
    `+`  shift, and go to state 100
    `.`  shift, and go to state 101

    REPEAT  go to state 102


State 87

   35 RHS: Production `|` RHS •

    $default  reduce using rule 35 (RHS)


State 88

   75 ScalaID: `$` • ID

    ID  shift, and go to state 103


State 89

   74 ScalaID: ID •

    $default  reduce using rule 74 (ScalaID)


State 90

   71 ScalaAtom: NUM •

    $default  reduce using rule 71 (ScalaAtom)


State 91

   72 ScalaAtom: STRING •

    $default  reduce using rule 72 (ScalaAtom)


State 92

   73 ScalaAtom: `(` • Scalas `)`

    `$`  shift, and go to state 88
    ID  shift, and go to state 89
    NUM  shift, and go to state 90
    STRING  shift, and go to state 91
    `(`  shift, and go to state 92

    $default  reduce using rule 78 (S_1)

    Scala  go to state 104
    Scalas  go to state 105
    ScalaAtom  go to state 94
    ScalaID  go to state 95
    S_1_L  go to state 106
    S_1  go to state 107


State 93

   61 Action: `=>` Scala •
   66 Scala: Scala • `::` Scala
   67      | Scala • `+` Scala
   68      | Scala • `-` Scala

    `::`  shift, and go to state 108
    `+`  shift, and go to state 109
    `-`  shift, and go to state 110

    $default  reduce using rule 61 (Action)


State 94

   62 Scala: ScalaAtom •

    $default  reduce using rule 62 (Scala)


State 95

   63 Scala: ScalaID • `(` Scalas `)`
   64      | ScalaID • `.` ScalaID `(` Scalas `)`
   65      | ScalaID • `.` ScalaID
   70 ScalaAtom: ScalaID •

    `(`  shift, and go to state 111
    `.`  shift, and go to state 112

    $default  reduce using rule 70 (ScalaAtom)


State 96

   52 Precedence: `%prec` • ID

    ID  shift, and go to state 113


State 97

   36 Production: NamedFields Action Precedence •

    $default  reduce using rule 36 (Production)


State 98

   46 REPEAT: `*` •
   48      | `*` • `.` `.`

    `.`  shift, and go to state 114

    $default  reduce using rule 46 (REPEAT)


State 99

   45 REPEAT: `?` •

    $default  reduce using rule 45 (REPEAT)


State 100

   47 REPEAT: `+` •
   49      | `+` • `.` `.`

    `.`  shift, and go to state 115

    $default  reduce using rule 47 (REPEAT)


State 101

   50 REPEAT: `.` • `.` `.`

    `.`  shift, and go to state 116


State 102

   44 FIELD: `(` NamedFields `)` REPEAT •

    $default  reduce using rule 44 (FIELD)


State 103

   75 ScalaID: `$` ID •

    $default  reduce using rule 75 (ScalaID)


State 104

   66 Scala: Scala • `::` Scala
   67      | Scala • `+` Scala
   68      | Scala • `-` Scala
   76 S_1_L: Scala •

    `::`  shift, and go to state 108
    `+`  shift, and go to state 109
    `-`  shift, and go to state 110

    $default  reduce using rule 76 (S_1_L)


State 105

   73 ScalaAtom: `(` Scalas • `)`

    `)`  shift, and go to state 117


State 106

   77 S_1_L: S_1_L • `,` Scala
   79 S_1: S_1_L •

    `,`  shift, and go to state 118

    $default  reduce using rule 79 (S_1)


State 107

   69 Scalas: S_1 •

    $default  reduce using rule 69 (Scalas)


State 108

   66 Scala: Scala `::` • Scala

    `$`  shift, and go to state 88
    ID  shift, and go to state 89
    NUM  shift, and go to state 90
    STRING  shift, and go to state 91
    `(`  shift, and go to state 92

    Scala  go to state 119
    ScalaAtom  go to state 94
    ScalaID  go to state 95


State 109

   67 Scala: Scala `+` • Scala

    `$`  shift, and go to state 88
    ID  shift, and go to state 89
    NUM  shift, and go to state 90
    STRING  shift, and go to state 91
    `(`  shift, and go to state 92

    Scala  go to state 120
    ScalaAtom  go to state 94
    ScalaID  go to state 95


State 110

   68 Scala: Scala `-` • Scala

    `$`  shift, and go to state 88
    ID  shift, and go to state 89
    NUM  shift, and go to state 90
    STRING  shift, and go to state 91
    `(`  shift, and go to state 92

    Scala  go to state 121
    ScalaAtom  go to state 94
    ScalaID  go to state 95


State 111

   63 Scala: ScalaID `(` • Scalas `)`

    `$`  shift, and go to state 88
    ID  shift, and go to state 89
    NUM  shift, and go to state 90
    STRING  shift, and go to state 91
    `(`  shift, and go to state 92

    $default  reduce using rule 78 (S_1)

    Scala  go to state 104
    Scalas  go to state 122
    ScalaAtom  go to state 94
    ScalaID  go to state 95
    S_1_L  go to state 106
    S_1  go to state 107


State 112

   64 Scala: ScalaID `.` • ScalaID `(` Scalas `)`
   65      | ScalaID `.` • ScalaID

    `$`  shift, and go to state 88
    ID  shift, and go to state 89

    ScalaID  go to state 123


State 113

   52 Precedence: `%prec` ID •

    $default  reduce using rule 52 (Precedence)


State 114

   48 REPEAT: `*` `.` • `.`

    `.`  shift, and go to state 124


State 115

   49 REPEAT: `+` `.` • `.`

    `.`  shift, and go to state 125


State 116

   50 REPEAT: `.` `.` • `.`

    `.`  shift, and go to state 126


State 117

   73 ScalaAtom: `(` Scalas `)` •

    $default  reduce using rule 73 (ScalaAtom)


State 118

   77 S_1_L: S_1_L `,` • Scala

    `$`  shift, and go to state 88
    ID  shift, and go to state 89
    NUM  shift, and go to state 90
    STRING  shift, and go to state 91
    `(`  shift, and go to state 92

    Scala  go to state 127
    ScalaAtom  go to state 94
    ScalaID  go to state 95


State 119

   66 Scala: Scala • `::` Scala
   66      | Scala `::` Scala •
   67      | Scala • `+` Scala
   68      | Scala • `-` Scala

    `::`  shift, and go to state 108
    `+`  shift, and go to state 109
    `-`  shift, and go to state 110

    $default  reduce using rule 66 (Scala)


State 120

   66 Scala: Scala • `::` Scala
   67      | Scala • `+` Scala
   67      | Scala `+` Scala •
   68      | Scala • `-` Scala

    $default  reduce using rule 67 (Scala)


State 121

   66 Scala: Scala • `::` Scala
   67      | Scala • `+` Scala
   68      | Scala • `-` Scala
   68      | Scala `-` Scala •

    $default  reduce using rule 68 (Scala)


State 122

   63 Scala: ScalaID `(` Scalas • `)`

    `)`  shift, and go to state 128


State 123

   64 Scala: ScalaID `.` ScalaID • `(` Scalas `)`
   65      | ScalaID `.` ScalaID •

    `(`  shift, and go to state 129

    $default  reduce using rule 65 (Scala)


State 124

   48 REPEAT: `*` `.` `.` •

    $default  reduce using rule 48 (REPEAT)


State 125

   49 REPEAT: `+` `.` `.` •

    $default  reduce using rule 49 (REPEAT)


State 126

   50 REPEAT: `.` `.` `.` •

    $default  reduce using rule 50 (REPEAT)


State 127

   66 Scala: Scala • `::` Scala
   67      | Scala • `+` Scala
   68      | Scala • `-` Scala
   77 S_1_L: S_1_L `,` Scala •

    `::`  shift, and go to state 108
    `+`  shift, and go to state 109
    `-`  shift, and go to state 110

    $default  reduce using rule 77 (S_1_L)


State 128

   63 Scala: ScalaID `(` Scalas `)` •

    $default  reduce using rule 63 (Scala)


State 129

   64 Scala: ScalaID `.` ScalaID `(` • Scalas `)`

    `$`  shift, and go to state 88
    ID  shift, and go to state 89
    NUM  shift, and go to state 90
    STRING  shift, and go to state 91
    `(`  shift, and go to state 92

    $default  reduce using rule 78 (S_1)

    Scala  go to state 104
    Scalas  go to state 130
    ScalaAtom  go to state 94
    ScalaID  go to state 95
    S_1_L  go to state 106
    S_1  go to state 107


State 130

   64 Scala: ScalaID `.` ScalaID `(` Scalas • `)`

    `)`  shift, and go to state 131


State 131

   64 Scala: ScalaID `.` ScalaID `(` Scalas `)` •

    $default  reduce using rule 64 (Scala)
