Terminals unused in grammar

    NUM
    COMMENT
    LEXICALERROR
    ";"
    "{"
    "}"
    "%type"


Grammar

    0 $accept: Notation $end

    1 Notation: Prefix "%rules" INCLUDE Rules OPTNL

    2 Prefix: ε
    3       | Prefix "%notation" ID
    4       | Prefix "%package" ID
    5       | Prefix "%path" ID
    6       | Prefix "%tables" ID
    7       | Prefix "%include" CODE
    8       | Prefix "%token" TypedTerminals
    9       | Prefix "%left" TypedTerminals
   10       | Prefix "%right" TypedTerminals
   11       | Prefix "%non" TypedTerminals
   12       | Prefix "%prec" TypedTerminals
   13       | Prefix "%dialect" ID
   14       | Prefix "%scalalr" ID
   15       | Prefix "%signature" ID

   16 INCLUDE: "%include" CODE SEPARATOR
   17        | ε

   18 OPTNL: ε
   19      | SEPARATOR

   20 TypedTerminals: ε
   21               | TypedTerminal TypedTerminals

   22 TypedTerminal: ID ":" Type
   23              | ID "(" Type ")"
   24              | ID

   25 Rules: Rule
   26      | Rules SEPARATOR Rule

   27 Rule: LHS "=" OptBar RHS

   28 OptBar: "|"
   29       | ε

   30 LHS: ID ":" Type
   31    | ID

   32 RHS: Production
   33    | Production "|" RHS

   34 Production: NamedFields Action Precedence

   35 NamedFields: "%empty"
   36            | NamedField
   37            | NamedField NamedFields

   38 NamedField: FIELD
   39           | ID ":" FIELD

   40 FIELD: ID
   41      | "(" NamedFields ")" REPEAT

   42 REPEAT: "?"
   43       | "*"
   44       | "+"

   45 Action: ε
   46       | CODE

   47 Precedence: ε
   48           | "%prec" ID

   49 Type: ID
   50     | ID "[" Types "]"
   51     | "(" Types ")"
   52     | "(" ")"

   53 Types: Type
   54      | Type "," Types


Terminals, with rules where they appear

    $end (0) 0
    error (256)
    ID (258) 3 4 5 6 13 14 15 22 23 24 30 31 39 40 48 49 50
    NUM (259)
    CODE (260) 7 16 46
    COMMENT (261)
    LEXICALERROR (262)
    "[" (263) 50
    "]" (264) 50
    ";" (265)
    "=" (266) 27
    "|" (267) 28 33
    ":" (268) 22 30 39
    "{" (269)
    "}" (270)
    "(" (271) 23 41 51 52
    ")" (272) 23 41 51 52
    "," (273) 54
    SEPARATOR (274) 16 19 26
    "%path" (275) 5
    "%type" (276)
    "%empty" (277) 35
    "%notation" (278) 3
    "%package" (279) 4
    "%token" (280) 8
    "%left" (281) 9
    "%right" (282) 10
    "%non" (283) 11
    "%rules" (284) 1
    "%include" (285) 7 16
    "%prec" (286) 12 48
    "%tables" (287) 6
    "%dialect" (288) 13
    "%scalalr" (289) 14
    "%signature" (290) 15
    "?" (291) 42
    "*" (292) 43
    "+" (293) 44


Nonterminals, with rules where they appear

    $accept (39)
        on left: 0
    Notation (40)
        on left: 1
        on right: 0
    Prefix (41)
        on left: 2 3 4 5 6 7 8 9 10 11 12 13 14 15
        on right: 1 3 4 5 6 7 8 9 10 11 12 13 14 15
    INCLUDE (42)
        on left: 16 17
        on right: 1
    OPTNL (43)
        on left: 18 19
        on right: 1
    TypedTerminals (44)
        on left: 20 21
        on right: 8 9 10 11 12 21
    TypedTerminal (45)
        on left: 22 23 24
        on right: 21
    Rules (46)
        on left: 25 26
        on right: 1 26
    Rule (47)
        on left: 27
        on right: 25 26
    OptBar (48)
        on left: 28 29
        on right: 27
    LHS (49)
        on left: 30 31
        on right: 27
    RHS (50)
        on left: 32 33
        on right: 27 33
    Production (51)
        on left: 34
        on right: 32 33
    NamedFields (52)
        on left: 35 36 37
        on right: 34 37 41
    NamedField (53)
        on left: 38 39
        on right: 36 37
    FIELD (54)
        on left: 40 41
        on right: 38 39
    REPEAT (55)
        on left: 42 43 44
        on right: 41
    Action (56)
        on left: 45 46
        on right: 34
    Precedence (57)
        on left: 47 48
        on right: 34
    Type (58)
        on left: 49 50 51 52
        on right: 22 23 30 53 54
    Types (59)
        on left: 53 54
        on right: 50 51 54


State 0

    0 $accept: • Notation $end

    $default  reduce using rule 2 (Prefix)

    Notation  go to state 1
    Prefix    go to state 2


State 1

    0 $accept: Notation • $end

    $end  shift, and go to state 3


State 2

    1 Notation: Prefix • "%rules" INCLUDE Rules OPTNL
    3 Prefix: Prefix • "%notation" ID
    4       | Prefix • "%package" ID
    5       | Prefix • "%path" ID
    6       | Prefix • "%tables" ID
    7       | Prefix • "%include" CODE
    8       | Prefix • "%token" TypedTerminals
    9       | Prefix • "%left" TypedTerminals
   10       | Prefix • "%right" TypedTerminals
   11       | Prefix • "%non" TypedTerminals
   12       | Prefix • "%prec" TypedTerminals
   13       | Prefix • "%dialect" ID
   14       | Prefix • "%scalalr" ID
   15       | Prefix • "%signature" ID

    "%path"  shift, and go to state 4
    "%notation"  shift, and go to state 5
    "%package"  shift, and go to state 6
    "%token"  shift, and go to state 7
    "%left"  shift, and go to state 8
    "%right"  shift, and go to state 9
    "%non"  shift, and go to state 10
    "%rules"  shift, and go to state 11
    "%include"  shift, and go to state 12
    "%prec"  shift, and go to state 13
    "%tables"  shift, and go to state 14
    "%dialect"  shift, and go to state 15
    "%scalalr"  shift, and go to state 16
    "%signature"  shift, and go to state 17


State 3

    0 $accept: Notation $end •

    $default  accept


State 4

    5 Prefix: Prefix "%path" • ID

    ID  shift, and go to state 18


State 5

    3 Prefix: Prefix "%notation" • ID

    ID  shift, and go to state 19


State 6

    4 Prefix: Prefix "%package" • ID

    ID  shift, and go to state 20


State 7

    8 Prefix: Prefix "%token" • TypedTerminals

    ID  shift, and go to state 21

    $default  reduce using rule 20 (TypedTerminals)

    TypedTerminals  go to state 22
    TypedTerminal   go to state 23


State 8

    9 Prefix: Prefix "%left" • TypedTerminals

    ID  shift, and go to state 21

    $default  reduce using rule 20 (TypedTerminals)

    TypedTerminals  go to state 24
    TypedTerminal   go to state 23


State 9

   10 Prefix: Prefix "%right" • TypedTerminals

    ID  shift, and go to state 21

    $default  reduce using rule 20 (TypedTerminals)

    TypedTerminals  go to state 25
    TypedTerminal   go to state 23


State 10

   11 Prefix: Prefix "%non" • TypedTerminals

    ID  shift, and go to state 21

    $default  reduce using rule 20 (TypedTerminals)

    TypedTerminals  go to state 26
    TypedTerminal   go to state 23


State 11

    1 Notation: Prefix "%rules" • INCLUDE Rules OPTNL

    "%include"  shift, and go to state 27

    $default  reduce using rule 17 (INCLUDE)

    INCLUDE  go to state 28


State 12

    7 Prefix: Prefix "%include" • CODE

    CODE  shift, and go to state 29


State 13

   12 Prefix: Prefix "%prec" • TypedTerminals

    ID  shift, and go to state 21

    $default  reduce using rule 20 (TypedTerminals)

    TypedTerminals  go to state 30
    TypedTerminal   go to state 23


State 14

    6 Prefix: Prefix "%tables" • ID

    ID  shift, and go to state 31


State 15

   13 Prefix: Prefix "%dialect" • ID

    ID  shift, and go to state 32


State 16

   14 Prefix: Prefix "%scalalr" • ID

    ID  shift, and go to state 33


State 17

   15 Prefix: Prefix "%signature" • ID

    ID  shift, and go to state 34


State 18

    5 Prefix: Prefix "%path" ID •

    $default  reduce using rule 5 (Prefix)


State 19

    3 Prefix: Prefix "%notation" ID •

    $default  reduce using rule 3 (Prefix)


State 20

    4 Prefix: Prefix "%package" ID •

    $default  reduce using rule 4 (Prefix)


State 21

   22 TypedTerminal: ID • ":" Type
   23              | ID • "(" Type ")"
   24              | ID •

    ":"  shift, and go to state 35
    "("  shift, and go to state 36

    $default  reduce using rule 24 (TypedTerminal)


State 22

    8 Prefix: Prefix "%token" TypedTerminals •

    $default  reduce using rule 8 (Prefix)


State 23

   21 TypedTerminals: TypedTerminal • TypedTerminals

    ID  shift, and go to state 21

    $default  reduce using rule 20 (TypedTerminals)

    TypedTerminals  go to state 37
    TypedTerminal   go to state 23


State 24

    9 Prefix: Prefix "%left" TypedTerminals •

    $default  reduce using rule 9 (Prefix)


State 25

   10 Prefix: Prefix "%right" TypedTerminals •

    $default  reduce using rule 10 (Prefix)


State 26

   11 Prefix: Prefix "%non" TypedTerminals •

    $default  reduce using rule 11 (Prefix)


State 27

   16 INCLUDE: "%include" • CODE SEPARATOR

    CODE  shift, and go to state 38


State 28

    1 Notation: Prefix "%rules" INCLUDE • Rules OPTNL

    ID  shift, and go to state 39

    Rules  go to state 40
    Rule   go to state 41
    LHS    go to state 42


State 29

    7 Prefix: Prefix "%include" CODE •

    $default  reduce using rule 7 (Prefix)


State 30

   12 Prefix: Prefix "%prec" TypedTerminals •

    $default  reduce using rule 12 (Prefix)


State 31

    6 Prefix: Prefix "%tables" ID •

    $default  reduce using rule 6 (Prefix)


State 32

   13 Prefix: Prefix "%dialect" ID •

    $default  reduce using rule 13 (Prefix)


State 33

   14 Prefix: Prefix "%scalalr" ID •

    $default  reduce using rule 14 (Prefix)


State 34

   15 Prefix: Prefix "%signature" ID •

    $default  reduce using rule 15 (Prefix)


State 35

   22 TypedTerminal: ID ":" • Type

    ID      shift, and go to state 43
    "("  shift, and go to state 44

    Type  go to state 45


State 36

   23 TypedTerminal: ID "(" • Type ")"

    ID      shift, and go to state 43
    "("  shift, and go to state 44

    Type  go to state 46


State 37

   21 TypedTerminals: TypedTerminal TypedTerminals •

    $default  reduce using rule 21 (TypedTerminals)


State 38

   16 INCLUDE: "%include" CODE • SEPARATOR

    SEPARATOR  shift, and go to state 47


State 39

   30 LHS: ID • ":" Type
   31    | ID •

    ":"  shift, and go to state 48

    $default  reduce using rule 31 (LHS)


State 40

    1 Notation: Prefix "%rules" INCLUDE Rules • OPTNL
   26 Rules: Rules • SEPARATOR Rule

    SEPARATOR  shift, and go to state 49

    $default  reduce using rule 18 (OPTNL)

    OPTNL  go to state 50


State 41

   25 Rules: Rule •

    $default  reduce using rule 25 (Rules)


State 42

   27 Rule: LHS • "=" OptBar RHS

    "="  shift, and go to state 51


State 43

   49 Type: ID •
   50     | ID • "[" Types "]"

    "["  shift, and go to state 52

    $default  reduce using rule 49 (Type)


State 44

   51 Type: "(" • Types ")"
   52     | "(" • ")"

    ID      shift, and go to state 43
    "("  shift, and go to state 44
    ")"  shift, and go to state 53

    Type   go to state 54
    Types  go to state 55


State 45

   22 TypedTerminal: ID ":" Type •

    $default  reduce using rule 22 (TypedTerminal)


State 46

   23 TypedTerminal: ID "(" Type • ")"

    ")"  shift, and go to state 56


State 47

   16 INCLUDE: "%include" CODE SEPARATOR •

    $default  reduce using rule 16 (INCLUDE)


State 48

   30 LHS: ID ":" • Type

    ID      shift, and go to state 43
    "("  shift, and go to state 44

    Type  go to state 57


State 49

   19 OPTNL: SEPARATOR •
   26 Rules: Rules SEPARATOR • Rule

    ID  shift, and go to state 39

    $default  reduce using rule 19 (OPTNL)

    Rule  go to state 58
    LHS   go to state 42


State 50

    1 Notation: Prefix "%rules" INCLUDE Rules OPTNL •

    $default  reduce using rule 1 (Notation)


State 51

   27 Rule: LHS "=" • OptBar RHS

    "|"  shift, and go to state 59

    $default  reduce using rule 29 (OptBar)

    OptBar  go to state 60


State 52

   50 Type: ID "[" • Types "]"

    ID      shift, and go to state 43
    "("  shift, and go to state 44

    Type   go to state 54
    Types  go to state 61


State 53

   52 Type: "(" ")" •

    $default  reduce using rule 52 (Type)


State 54

   53 Types: Type •
   54      | Type • "," Types

    ","  shift, and go to state 62

    $default  reduce using rule 53 (Types)


State 55

   51 Type: "(" Types • ")"

    ")"  shift, and go to state 63


State 56

   23 TypedTerminal: ID "(" Type ")" •

    $default  reduce using rule 23 (TypedTerminal)


State 57

   30 LHS: ID ":" Type •

    $default  reduce using rule 30 (LHS)


State 58

   26 Rules: Rules SEPARATOR Rule •

    $default  reduce using rule 26 (Rules)


State 59

   28 OptBar: "|" •

    $default  reduce using rule 28 (OptBar)


State 60

   27 Rule: LHS "=" OptBar • RHS

    ID      shift, and go to state 64
    "("  shift, and go to state 65
    "%empty"  shift, and go to state 66

    RHS          go to state 67
    Production   go to state 68
    NamedFields  go to state 69
    NamedField   go to state 70
    FIELD        go to state 71


State 61

   50 Type: ID "[" Types • "]"

    "]"  shift, and go to state 72


State 62

   54 Types: Type "," • Types

    ID      shift, and go to state 43
    "("  shift, and go to state 44

    Type   go to state 54
    Types  go to state 73


State 63

   51 Type: "(" Types ")" •

    $default  reduce using rule 51 (Type)


State 64

   39 NamedField: ID • ":" FIELD
   40 FIELD: ID •

    ":"  shift, and go to state 74

    $default  reduce using rule 40 (FIELD)


State 65

   41 FIELD: "(" • NamedFields ")" REPEAT

    ID      shift, and go to state 64
    "("  shift, and go to state 65
    "%empty"  shift, and go to state 66

    NamedFields  go to state 75
    NamedField   go to state 70
    FIELD        go to state 71


State 66

   35 NamedFields: "%empty" •

    $default  reduce using rule 35 (NamedFields)


State 67

   27 Rule: LHS "=" OptBar RHS •

    $default  reduce using rule 27 (Rule)


State 68

   32 RHS: Production •
   33    | Production • "|" RHS

    "|"  shift, and go to state 76

    $default  reduce using rule 32 (RHS)


State 69

   34 Production: NamedFields • Action Precedence

    CODE  shift, and go to state 77

    $default  reduce using rule 45 (Action)

    Action  go to state 78


State 70

   36 NamedFields: NamedField •
   37            | NamedField • NamedFields

    ID      shift, and go to state 64
    "("  shift, and go to state 65
    "%empty"  shift, and go to state 66

    $default  reduce using rule 36 (NamedFields)

    NamedFields  go to state 79
    NamedField   go to state 70
    FIELD        go to state 71


State 71

   38 NamedField: FIELD •

    $default  reduce using rule 38 (NamedField)


State 72

   50 Type: ID "[" Types "]" •

    $default  reduce using rule 50 (Type)


State 73

   54 Types: Type "," Types •

    $default  reduce using rule 54 (Types)


State 74

   39 NamedField: ID ":" • FIELD

    ID      shift, and go to state 80
    "("  shift, and go to state 65

    FIELD  go to state 81


State 75

   41 FIELD: "(" NamedFields • ")" REPEAT

    ")"  shift, and go to state 82


State 76

   33 RHS: Production "|" • RHS

    ID      shift, and go to state 64
    "("  shift, and go to state 65
    "%empty"  shift, and go to state 66

    RHS          go to state 83
    Production   go to state 68
    NamedFields  go to state 69
    NamedField   go to state 70
    FIELD        go to state 71


State 77

   46 Action: CODE •

    $default  reduce using rule 46 (Action)


State 78

   34 Production: NamedFields Action • Precedence

    "%prec"  shift, and go to state 84

    $default  reduce using rule 47 (Precedence)

    Precedence  go to state 85


State 79

   37 NamedFields: NamedField NamedFields •

    $default  reduce using rule 37 (NamedFields)


State 80

   40 FIELD: ID •

    $default  reduce using rule 40 (FIELD)


State 81

   39 NamedField: ID ":" FIELD •

    $default  reduce using rule 39 (NamedField)


State 82

   41 FIELD: "(" NamedFields ")" • REPEAT

    "?"  shift, and go to state 86
    "*"  shift, and go to state 87
    "+"  shift, and go to state 88

    REPEAT  go to state 89


State 83

   33 RHS: Production "|" RHS •

    $default  reduce using rule 33 (RHS)


State 84

   48 Precedence: "%prec" • ID

    ID  shift, and go to state 90


State 85

   34 Production: NamedFields Action Precedence •

    $default  reduce using rule 34 (Production)


State 86

   42 REPEAT: "?" •

    $default  reduce using rule 42 (REPEAT)


State 87

   43 REPEAT: "*" •

    $default  reduce using rule 43 (REPEAT)


State 88

   44 REPEAT: "+" •

    $default  reduce using rule 44 (REPEAT)


State 89

   41 FIELD: "(" NamedFields ")" REPEAT •

    $default  reduce using rule 41 (FIELD)


State 90

   48 Precedence: "%prec" ID •

    $default  reduce using rule 48 (Precedence)
