Terminals unused in grammar

    NUM
    COMMENT
    LEXICALERROR
    ";"
    "{"
    "}"
    "%type"
    "%token"
    "%left"
    "%right"
    "%non"
    "%dialect"
    "%scalalr"


Grammar

    0 $accept: command $end

    1 command: Notation

    2 Notation: Prologue RULES INCLUDE Rules

    3 Prologue: ε
    4         | Prologue "%notation" ID
    5         | Prologue "%package" ID
    6         | Prologue "%path" ID
    7         | Prologue "%tables" ID
    8         | Prologue "%include" CODE

    9 RULES: "%rules"

   10 INCLUDE: "%include" CODE NL
   11        | ε

   12 Rules: Rule
   13      | Rules NL Rule

   14 Rule: LHS "=" OptBar RHS

   15 OptBar: "|"
   16       | ε

   17 LHS: ID ":" Type
   18    | ID

   19 RHS: Production
   20    | Production "|" RHS

   21 Production: NamedFields Action Precedence

   22 NamedFields: "%empty"
   23            | NamedField
   24            | NamedField NamedFields

   25 NamedField: ID
   26           | ID ":" ID

   27 Action: ε
   28       | CODE

   29 Precedence: ε
   30           | "%prec" ID

   31 Type: ID
   32     | ID "[" Types "]"
   33     | "(" Types ")"
   34     | "(" ")"

   35 Types: Type
   36      | Type "," Types


Terminals, with rules where they appear

    $end (0) 0
    error (256)
    ID (258) 4 5 6 7 17 18 25 26 30 31 32
    NUM (259)
    CODE (260) 8 10 28
    COMMENT (261)
    LEXICALERROR (262)
    "[" (263) 32
    "]" (264) 32
    ";" (265)
    "=" (266) 14
    "|" (267) 15 20
    ":" (268) 17 26
    "{" (269)
    "}" (270)
    "(" (271) 33 34
    ")" (272) 33 34
    "," (273) 36
    NL (274) 10 13
    "%path" (275) 6
    "%type" (276)
    "%empty" (277) 22
    "%notation" (278) 4
    "%package" (279) 5
    "%token" (280)
    "%left" (281)
    "%right" (282)
    "%non" (283)
    "%rules" (284) 9
    "%include" (285) 8 10
    "%prec" (286) 30
    "%tables" (287) 7
    "%dialect" (288)
    "%scalalr" (289)


Nonterminals, with rules where they appear

    $accept (35)
        on left: 0
    command (36)
        on left: 1
        on right: 0
    Notation (37)
        on left: 2
        on right: 1
    Prologue (38)
        on left: 3 4 5 6 7 8
        on right: 2 4 5 6 7 8
    RULES (39)
        on left: 9
        on right: 2
    INCLUDE (40)
        on left: 10 11
        on right: 2
    Rules (41)
        on left: 12 13
        on right: 2 13
    Rule (42)
        on left: 14
        on right: 12 13
    OptBar (43)
        on left: 15 16
        on right: 14
    LHS (44)
        on left: 17 18
        on right: 14
    RHS (45)
        on left: 19 20
        on right: 14 20
    Production (46)
        on left: 21
        on right: 19 20
    NamedFields (47)
        on left: 22 23 24
        on right: 21 24
    NamedField (48)
        on left: 25 26
        on right: 23 24
    Action (49)
        on left: 27 28
        on right: 21
    Precedence (50)
        on left: 29 30
        on right: 21
    Type (51)
        on left: 31 32 33 34
        on right: 17 35 36
    Types (52)
        on left: 35 36
        on right: 32 33 36


State 0

    0 $accept: • command $end

    $default  reduce using rule 3 (Prologue)

    command   go to state 1
    Notation  go to state 2
    Prologue  go to state 3


State 1

    0 $accept: command • $end

    $end  shift, and go to state 4


State 2

    1 command: Notation •

    $default  reduce using rule 1 (command)


State 3

    2 Notation: Prologue • RULES INCLUDE Rules
    4 Prologue: Prologue • "%notation" ID
    5         | Prologue • "%package" ID
    6         | Prologue • "%path" ID
    7         | Prologue • "%tables" ID
    8         | Prologue • "%include" CODE

    "%path"  shift, and go to state 5
    "%notation"  shift, and go to state 6
    "%package"  shift, and go to state 7
    "%rules"  shift, and go to state 8
    "%include"  shift, and go to state 9
    "%tables"  shift, and go to state 10

    RULES  go to state 11


State 4

    0 $accept: command $end •

    $default  accept


State 5

    6 Prologue: Prologue "%path" • ID

    ID  shift, and go to state 12


State 6

    4 Prologue: Prologue "%notation" • ID

    ID  shift, and go to state 13


State 7

    5 Prologue: Prologue "%package" • ID

    ID  shift, and go to state 14


State 8

    9 RULES: "%rules" •

    $default  reduce using rule 9 (RULES)


State 9

    8 Prologue: Prologue "%include" • CODE

    CODE  shift, and go to state 15


State 10

    7 Prologue: Prologue "%tables" • ID

    ID  shift, and go to state 16


State 11

    2 Notation: Prologue RULES • INCLUDE Rules

    "%include"  shift, and go to state 17

    $default  reduce using rule 11 (INCLUDE)

    INCLUDE  go to state 18


State 12

    6 Prologue: Prologue "%path" ID •

    $default  reduce using rule 6 (Prologue)


State 13

    4 Prologue: Prologue "%notation" ID •

    $default  reduce using rule 4 (Prologue)


State 14

    5 Prologue: Prologue "%package" ID •

    $default  reduce using rule 5 (Prologue)


State 15

    8 Prologue: Prologue "%include" CODE •

    $default  reduce using rule 8 (Prologue)


State 16

    7 Prologue: Prologue "%tables" ID •

    $default  reduce using rule 7 (Prologue)


State 17

   10 INCLUDE: "%include" • CODE NL

    CODE  shift, and go to state 19


State 18

    2 Notation: Prologue RULES INCLUDE • Rules

    ID  shift, and go to state 20

    Rules  go to state 21
    Rule   go to state 22
    LHS    go to state 23


State 19

   10 INCLUDE: "%include" CODE • NL

    NL  shift, and go to state 24


State 20

   17 LHS: ID • ":" Type
   18    | ID •

    ":"  shift, and go to state 25

    $default  reduce using rule 18 (LHS)


State 21

    2 Notation: Prologue RULES INCLUDE Rules •
   13 Rules: Rules • NL Rule

    NL  shift, and go to state 26

    $default  reduce using rule 2 (Notation)


State 22

   12 Rules: Rule •

    $default  reduce using rule 12 (Rules)


State 23

   14 Rule: LHS • "=" OptBar RHS

    "="  shift, and go to state 27


State 24

   10 INCLUDE: "%include" CODE NL •

    $default  reduce using rule 10 (INCLUDE)


State 25

   17 LHS: ID ":" • Type

    ID      shift, and go to state 28
    "("  shift, and go to state 29

    Type  go to state 30


State 26

   13 Rules: Rules NL • Rule

    ID  shift, and go to state 20

    Rule  go to state 31
    LHS   go to state 23


State 27

   14 Rule: LHS "=" • OptBar RHS

    "|"  shift, and go to state 32

    $default  reduce using rule 16 (OptBar)

    OptBar  go to state 33


State 28

   31 Type: ID •
   32     | ID • "[" Types "]"

    "["  shift, and go to state 34

    $default  reduce using rule 31 (Type)


State 29

   33 Type: "(" • Types ")"
   34     | "(" • ")"

    ID      shift, and go to state 28
    "("  shift, and go to state 29
    ")"  shift, and go to state 35

    Type   go to state 36
    Types  go to state 37


State 30

   17 LHS: ID ":" Type •

    $default  reduce using rule 17 (LHS)


State 31

   13 Rules: Rules NL Rule •

    $default  reduce using rule 13 (Rules)


State 32

   15 OptBar: "|" •

    $default  reduce using rule 15 (OptBar)


State 33

   14 Rule: LHS "=" OptBar • RHS

    ID      shift, and go to state 38
    "%empty"  shift, and go to state 39

    RHS          go to state 40
    Production   go to state 41
    NamedFields  go to state 42
    NamedField   go to state 43


State 34

   32 Type: ID "[" • Types "]"

    ID      shift, and go to state 28
    "("  shift, and go to state 29

    Type   go to state 36
    Types  go to state 44


State 35

   34 Type: "(" ")" •

    $default  reduce using rule 34 (Type)


State 36

   35 Types: Type •
   36      | Type • "," Types

    ","  shift, and go to state 45

    $default  reduce using rule 35 (Types)


State 37

   33 Type: "(" Types • ")"

    ")"  shift, and go to state 46


State 38

   25 NamedField: ID •
   26           | ID • ":" ID

    ":"  shift, and go to state 47

    $default  reduce using rule 25 (NamedField)


State 39

   22 NamedFields: "%empty" •

    $default  reduce using rule 22 (NamedFields)


State 40

   14 Rule: LHS "=" OptBar RHS •

    $default  reduce using rule 14 (Rule)


State 41

   19 RHS: Production •
   20    | Production • "|" RHS

    "|"  shift, and go to state 48

    $default  reduce using rule 19 (RHS)


State 42

   21 Production: NamedFields • Action Precedence

    CODE  shift, and go to state 49

    $default  reduce using rule 27 (Action)

    Action  go to state 50


State 43

   23 NamedFields: NamedField •
   24            | NamedField • NamedFields

    ID      shift, and go to state 38
    "%empty"  shift, and go to state 39

    $default  reduce using rule 23 (NamedFields)

    NamedFields  go to state 51
    NamedField   go to state 43


State 44

   32 Type: ID "[" Types • "]"

    "]"  shift, and go to state 52


State 45

   36 Types: Type "," • Types

    ID      shift, and go to state 28
    "("  shift, and go to state 29

    Type   go to state 36
    Types  go to state 53


State 46

   33 Type: "(" Types ")" •

    $default  reduce using rule 33 (Type)


State 47

   26 NamedField: ID ":" • ID

    ID  shift, and go to state 54


State 48

   20 RHS: Production "|" • RHS

    ID      shift, and go to state 38
    "%empty"  shift, and go to state 39

    RHS          go to state 55
    Production   go to state 41
    NamedFields  go to state 42
    NamedField   go to state 43


State 49

   28 Action: CODE •

    $default  reduce using rule 28 (Action)


State 50

   21 Production: NamedFields Action • Precedence

    "%prec"  shift, and go to state 56

    $default  reduce using rule 29 (Precedence)

    Precedence  go to state 57


State 51

   24 NamedFields: NamedField NamedFields •

    $default  reduce using rule 24 (NamedFields)


State 52

   32 Type: ID "[" Types "]" •

    $default  reduce using rule 32 (Type)


State 53

   36 Types: Type "," Types •

    $default  reduce using rule 36 (Types)


State 54

   26 NamedField: ID ":" ID •

    $default  reduce using rule 26 (NamedField)


State 55

   20 RHS: Production "|" RHS •

    $default  reduce using rule 20 (RHS)


State 56

   30 Precedence: "%prec" • ID

    ID  shift, and go to state 58


State 57

   21 Production: NamedFields Action Precedence •

    $default  reduce using rule 21 (Production)


State 58

   30 Precedence: "%prec" ID •

    $default  reduce using rule 30 (Precedence)
