Terminals unused in grammar

    LEXICALERROR


Grammar

    0 $accept: top $end

    1 top: ids

    2 ids: S_1

    3 S_1_L: ID
    4      | S_1_L `;` ID

    5 S_1: S_1_L


Terminals, with rules where they appear

    $end (0) 0
    error (256)
    ID (258) 3 4
    `;` (259) 4
    LEXICALERROR (260)


Nonterminals, with rules where they appear

    $accept (6)
        on left: 0
    top (7)
        on left: 1
        on right: 0
    ids (8)
        on left: 2
        on right: 1
    S_1_L (9)
        on left: 3 4
        on right: 4 5
    S_1 (10)
        on left: 5
        on right: 2


State 0

    0 $accept: • top $end

    ID  shift, and go to state 1

    top  go to state 2
    ids  go to state 3
    S_1_L  go to state 4
    S_1  go to state 5


State 1

    3 S_1_L: ID •

    $default  reduce using rule 3 (S_1_L)


State 2

    0 $accept: top • $end

    $end  shift, and go to state 6


State 3

    1 top: ids •

    $default  reduce using rule 1 (top)


State 4

    4 S_1_L: S_1_L • `;` ID
    5 S_1: S_1_L •

    `;`  shift, and go to state 7

    $default  reduce using rule 5 (S_1)


State 5

    2 ids: S_1 •

    $default  reduce using rule 2 (ids)


State 6

    0 $accept: top $end •

    $default  accept


State 7

    4 S_1_L: S_1_L `;` • ID

    ID  shift, and go to state 8


State 8

    4 S_1_L: S_1_L `;` ID •

    $default  reduce using rule 4 (S_1_L)
