Terminals unused in grammar

    NUM
    COMMENT
    LEXICALERROR
    `;`
    `{`
    `}`
    `%type`
    `%empty`


Grammar

    0 $accept: Notation $end

    1 Notation: Prefix `%rules` INCLUDE Rules S_1

    2 Prefix: ε
    3      | Prefix `%notation` ID
    4      | Prefix `%package` ID
    5      | Prefix `%path` ID
    6      | Prefix `%tables` ID
    7      | Prefix `%include` CODE
    8      | Prefix `%token` TypedTerminals
    9      | Prefix `%left` TypedTerminals
   10      | Prefix `%right` TypedTerminals
   11      | Prefix `%non` TypedTerminals
   12      | Prefix `%dialect` ID
   13      | Prefix `%scalalr` ID
   14      | Prefix `%signature` ID

   15 INCLUDE: `%include` CODE SEPARATOR
   16      | ε

   17 TypedTerminals: ε
   18      | TypedTerminal TypedTerminals

   19 TypedTerminal: ID `:` Type
   20      | ID `(` Type `)`
   21      | ID

   22 Rules: Rule
   23      | Rules SEPARATOR Rule

   24 Rule: LHS `=` OptBar RHS

   25 OptBar: S_2

   26 LHS: ID `:` Type
   27      | ID

   28 RHS: Production
   29      | Production `|` RHS

   30 Production: NamedFields Action Precedence

   31 NamedFields: S_3

   32 NamedField: FIELD
   33      | ID `:` FIELD

   34 FIELD: ID
   35      | `(` NamedFields `)` REPEAT

   36 REPEAT: `?`
   37      | `*`
   38      | `+`

   39 Action: ε
   40      | CODE

   41 Precedence: S_4

   42 Type: ID
   43      | ID `[` Types `]`
   44      | `(` Types `)`
   45      | `(` `)`

   46 Types: S_5

   47 S_1: ε
   48      | SEPARATOR

   49 S_2: ε
   50      | `|`

   51 S_3_L: NamedField
   52      | S_3_L NamedField

   53 S_3: S_3_L

   54 S_4: ε
   55      | `%prec` ID

   56 S_5_L: Type
   57      | S_5_L `,` Type

   58 S_5: S_5_L


Terminals, with rules where they appear

    $end (0) 0
    error (256)
    ID (258) 3 4 5 6 12 13 14 19 20 21 26 27 33 34 42 43 55
    NUM (259)
    CODE (260) 7 15 40
    COMMENT (261)
    LEXICALERROR (262)
    `[` (263) 43
    `]` (264) 43
    `;` (265)
    `=` (266) 24
    `|` (267) 29 50
    `:` (268) 19 26 33
    `{` (269)
    `}` (270)
    `(` (271) 20 35 44 45
    `)` (272) 20 35 44 45
    `,` (273) 57
    SEPARATOR (274) 15 23 48
    `%path` (275) 5
    `%type` (276)
    `%empty` (277)
    `%notation` (278) 3
    `%package` (279) 4
    `%token` (280) 8
    `%left` (281) 9
    `%right` (282) 10
    `%non` (283) 11
    `%rules` (284) 1
    `%include` (285) 7 15
    `%prec` (286) 55
    `%tables` (287) 6
    `%dialect` (288) 12
    `%scalalr` (289) 13
    `%signature` (290) 14
    `*` (291) 37
    `?` (292) 36
    `+` (293) 38


Nonterminals, with rules where they appear

    $accept (39)
        on left: 0
    Notation (40)
        on left: 1
        on right: 0
    Prefix (41)
        on left: 2 3 4 5 6 7 8 9 10 11 12 13 14
        on right: 1 3 4 5 6 7 8 9 10 11 12 13 14
    INCLUDE (42)
        on left: 15 16
        on right: 1
    TypedTerminals (43)
        on left: 17 18
        on right: 8 9 10 11 18
    TypedTerminal (44)
        on left: 19 20 21
        on right: 18
    Rules (45)
        on left: 22 23
        on right: 1 23
    Rule (46)
        on left: 24
        on right: 22 23
    OptBar (47)
        on left: 25
        on right: 24
    LHS (48)
        on left: 26 27
        on right: 24
    RHS (49)
        on left: 28 29
        on right: 24 29
    Production (50)
        on left: 30
        on right: 28 29
    NamedFields (51)
        on left: 31
        on right: 30 35
    NamedField (52)
        on left: 32 33
        on right: 51 52
    FIELD (53)
        on left: 34 35
        on right: 32 33
    REPEAT (54)
        on left: 36 37 38
        on right: 35
    Action (55)
        on left: 39 40
        on right: 30
    Precedence (56)
        on left: 41
        on right: 30
    Type (57)
        on left: 42 43 44 45
        on right: 19 20 26 56 57
    Types (58)
        on left: 46
        on right: 43 44
    S_1 (59)
        on left: 47 48
        on right: 1
    S_2 (60)
        on left: 49 50
        on right: 25
    S_3_L (61)
        on left: 51 52
        on right: 52 53
    S_3 (62)
        on left: 53
        on right: 31
    S_4 (63)
        on left: 54 55
        on right: 41
    S_5_L (64)
        on left: 56 57
        on right: 57 58
    S_5 (65)
        on left: 58
        on right: 46


State 0

    0 $accept: • Notation $end

    $default  reduce using rule 2 (Prefix)

    Notation  go to state 1
    Prefix  go to state 2


State 1

    0 $accept: Notation • $end

    $end  shift, and go to state 3


State 2

    1 Notation: Prefix • `%rules` INCLUDE Rules S_1
    3 Prefix: Prefix • `%notation` ID
    4      | Prefix • `%package` ID
    5      | Prefix • `%path` ID
    6      | Prefix • `%tables` ID
    7      | Prefix • `%include` CODE
    8      | Prefix • `%token` TypedTerminals
    9      | Prefix • `%left` TypedTerminals
   10      | Prefix • `%right` TypedTerminals
   11      | Prefix • `%non` TypedTerminals
   12      | Prefix • `%dialect` ID
   13      | Prefix • `%scalalr` ID
   14      | Prefix • `%signature` ID

    `%path`  shift, and go to state 4
    `%notation`  shift, and go to state 5
    `%package`  shift, and go to state 6
    `%token`  shift, and go to state 7
    `%left`  shift, and go to state 8
    `%right`  shift, and go to state 9
    `%non`  shift, and go to state 10
    `%rules`  shift, and go to state 11
    `%include`  shift, and go to state 12
    `%tables`  shift, and go to state 13
    `%dialect`  shift, and go to state 14
    `%scalalr`  shift, and go to state 15
    `%signature`  shift, and go to state 16


State 3

    0 $accept: Notation $end •

    $default  accept


State 4

    5 Prefix: Prefix `%path` • ID

    ID  shift, and go to state 17


State 5

    3 Prefix: Prefix `%notation` • ID

    ID  shift, and go to state 18


State 6

    4 Prefix: Prefix `%package` • ID

    ID  shift, and go to state 19


State 7

    8 Prefix: Prefix `%token` • TypedTerminals

    ID  shift, and go to state 20

    $default  reduce using rule 17 (TypedTerminals)

    TypedTerminals  go to state 21
    TypedTerminal  go to state 22


State 8

    9 Prefix: Prefix `%left` • TypedTerminals

    ID  shift, and go to state 20

    $default  reduce using rule 17 (TypedTerminals)

    TypedTerminals  go to state 23
    TypedTerminal  go to state 22


State 9

   10 Prefix: Prefix `%right` • TypedTerminals

    ID  shift, and go to state 20

    $default  reduce using rule 17 (TypedTerminals)

    TypedTerminals  go to state 24
    TypedTerminal  go to state 22


State 10

   11 Prefix: Prefix `%non` • TypedTerminals

    ID  shift, and go to state 20

    $default  reduce using rule 17 (TypedTerminals)

    TypedTerminals  go to state 25
    TypedTerminal  go to state 22


State 11

    1 Notation: Prefix `%rules` • INCLUDE Rules S_1

    `%include`  shift, and go to state 26

    $default  reduce using rule 16 (INCLUDE)

    INCLUDE  go to state 27


State 12

    7 Prefix: Prefix `%include` • CODE

    CODE  shift, and go to state 28


State 13

    6 Prefix: Prefix `%tables` • ID

    ID  shift, and go to state 29


State 14

   12 Prefix: Prefix `%dialect` • ID

    ID  shift, and go to state 30


State 15

   13 Prefix: Prefix `%scalalr` • ID

    ID  shift, and go to state 31


State 16

   14 Prefix: Prefix `%signature` • ID

    ID  shift, and go to state 32


State 17

    5 Prefix: Prefix `%path` ID •

    $default  reduce using rule 5 (Prefix)


State 18

    3 Prefix: Prefix `%notation` ID •

    $default  reduce using rule 3 (Prefix)


State 19

    4 Prefix: Prefix `%package` ID •

    $default  reduce using rule 4 (Prefix)


State 20

   19 TypedTerminal: ID • `:` Type
   20      | ID • `(` Type `)`
   21      | ID •

    `:`  shift, and go to state 33
    `(`  shift, and go to state 34

    $default  reduce using rule 21 (TypedTerminal)


State 21

    8 Prefix: Prefix `%token` TypedTerminals •

    $default  reduce using rule 8 (Prefix)


State 22

   18 TypedTerminals: TypedTerminal • TypedTerminals

    ID  shift, and go to state 20

    $default  reduce using rule 17 (TypedTerminals)

    TypedTerminals  go to state 35
    TypedTerminal  go to state 22


State 23

    9 Prefix: Prefix `%left` TypedTerminals •

    $default  reduce using rule 9 (Prefix)


State 24

   10 Prefix: Prefix `%right` TypedTerminals •

    $default  reduce using rule 10 (Prefix)


State 25

   11 Prefix: Prefix `%non` TypedTerminals •

    $default  reduce using rule 11 (Prefix)


State 26

   15 INCLUDE: `%include` • CODE SEPARATOR

    CODE  shift, and go to state 36


State 27

    1 Notation: Prefix `%rules` INCLUDE • Rules S_1

    ID  shift, and go to state 37

    Rules  go to state 38
    Rule  go to state 39
    LHS  go to state 40


State 28

    7 Prefix: Prefix `%include` CODE •

    $default  reduce using rule 7 (Prefix)


State 29

    6 Prefix: Prefix `%tables` ID •

    $default  reduce using rule 6 (Prefix)


State 30

   12 Prefix: Prefix `%dialect` ID •

    $default  reduce using rule 12 (Prefix)


State 31

   13 Prefix: Prefix `%scalalr` ID •

    $default  reduce using rule 13 (Prefix)


State 32

   14 Prefix: Prefix `%signature` ID •

    $default  reduce using rule 14 (Prefix)


State 33

   19 TypedTerminal: ID `:` • Type

    ID  shift, and go to state 41
    `(`  shift, and go to state 42

    Type  go to state 43


State 34

   20 TypedTerminal: ID `(` • Type `)`

    ID  shift, and go to state 41
    `(`  shift, and go to state 42

    Type  go to state 44


State 35

   18 TypedTerminals: TypedTerminal TypedTerminals •

    $default  reduce using rule 18 (TypedTerminals)


State 36

   15 INCLUDE: `%include` CODE • SEPARATOR

    SEPARATOR  shift, and go to state 45


State 37

   26 LHS: ID • `:` Type
   27      | ID •

    `:`  shift, and go to state 46

    $default  reduce using rule 27 (LHS)


State 38

    1 Notation: Prefix `%rules` INCLUDE Rules • S_1
   23 Rules: Rules • SEPARATOR Rule

    SEPARATOR  shift, and go to state 47

    $default  reduce using rule 47 (S_1)

    S_1  go to state 48


State 39

   22 Rules: Rule •

    $default  reduce using rule 22 (Rules)


State 40

   24 Rule: LHS • `=` OptBar RHS

    `=`  shift, and go to state 49


State 41

   42 Type: ID •
   43      | ID • `[` Types `]`

    `[`  shift, and go to state 50

    $default  reduce using rule 42 (Type)


State 42

   44 Type: `(` • Types `)`
   45      | `(` • `)`

    ID  shift, and go to state 41
    `(`  shift, and go to state 42
    `)`  shift, and go to state 51

    Type  go to state 52
    Types  go to state 53
    S_5_L  go to state 54
    S_5  go to state 55


State 43

   19 TypedTerminal: ID `:` Type •

    $default  reduce using rule 19 (TypedTerminal)


State 44

   20 TypedTerminal: ID `(` Type • `)`

    `)`  shift, and go to state 56


State 45

   15 INCLUDE: `%include` CODE SEPARATOR •

    $default  reduce using rule 15 (INCLUDE)


State 46

   26 LHS: ID `:` • Type

    ID  shift, and go to state 41
    `(`  shift, and go to state 42

    Type  go to state 57


State 47

   23 Rules: Rules SEPARATOR • Rule
   48 S_1: SEPARATOR •

    ID  shift, and go to state 37

    $default  reduce using rule 48 (S_1)

    Rule  go to state 58
    LHS  go to state 40


State 48

    1 Notation: Prefix `%rules` INCLUDE Rules S_1 •

    $default  reduce using rule 1 (Notation)


State 49

   24 Rule: LHS `=` • OptBar RHS

    `|`  shift, and go to state 59

    $default  reduce using rule 49 (S_2)

    OptBar  go to state 60
    S_2  go to state 61


State 50

   43 Type: ID `[` • Types `]`

    ID  shift, and go to state 41
    `(`  shift, and go to state 42

    Type  go to state 52
    Types  go to state 62
    S_5_L  go to state 54
    S_5  go to state 55


State 51

   45 Type: `(` `)` •

    $default  reduce using rule 45 (Type)


State 52

   56 S_5_L: Type •

    $default  reduce using rule 56 (S_5_L)


State 53

   44 Type: `(` Types • `)`

    `)`  shift, and go to state 63


State 54

   57 S_5_L: S_5_L • `,` Type
   58 S_5: S_5_L •

    `,`  shift, and go to state 64

    $default  reduce using rule 58 (S_5)


State 55

   46 Types: S_5 •

    $default  reduce using rule 46 (Types)


State 56

   20 TypedTerminal: ID `(` Type `)` •

    $default  reduce using rule 20 (TypedTerminal)


State 57

   26 LHS: ID `:` Type •

    $default  reduce using rule 26 (LHS)


State 58

   23 Rules: Rules SEPARATOR Rule •

    $default  reduce using rule 23 (Rules)


State 59

   50 S_2: `|` •

    $default  reduce using rule 50 (S_2)


State 60

   24 Rule: LHS `=` OptBar • RHS

    ID  shift, and go to state 65
    `(`  shift, and go to state 66

    RHS  go to state 67
    Production  go to state 68
    NamedFields  go to state 69
    NamedField  go to state 70
    FIELD  go to state 71
    S_3_L  go to state 72
    S_3  go to state 73


State 61

   25 OptBar: S_2 •

    $default  reduce using rule 25 (OptBar)


State 62

   43 Type: ID `[` Types • `]`

    `]`  shift, and go to state 74


State 63

   44 Type: `(` Types `)` •

    $default  reduce using rule 44 (Type)


State 64

   57 S_5_L: S_5_L `,` • Type

    ID  shift, and go to state 41
    `(`  shift, and go to state 42

    Type  go to state 75


State 65

   33 NamedField: ID • `:` FIELD
   34 FIELD: ID •

    `:`  shift, and go to state 76

    $default  reduce using rule 34 (FIELD)


State 66

   35 FIELD: `(` • NamedFields `)` REPEAT

    ID  shift, and go to state 65
    `(`  shift, and go to state 66

    NamedFields  go to state 77
    NamedField  go to state 70
    FIELD  go to state 71
    S_3_L  go to state 72
    S_3  go to state 73


State 67

   24 Rule: LHS `=` OptBar RHS •

    $default  reduce using rule 24 (Rule)


State 68

   28 RHS: Production •
   29      | Production • `|` RHS

    `|`  shift, and go to state 78

    $default  reduce using rule 28 (RHS)


State 69

   30 Production: NamedFields • Action Precedence

    CODE  shift, and go to state 79

    $default  reduce using rule 39 (Action)

    Action  go to state 80


State 70

   51 S_3_L: NamedField •

    $default  reduce using rule 51 (S_3_L)


State 71

   32 NamedField: FIELD •

    $default  reduce using rule 32 (NamedField)


State 72

   52 S_3_L: S_3_L • NamedField
   53 S_3: S_3_L •

    ID  shift, and go to state 65
    `(`  shift, and go to state 66

    $default  reduce using rule 53 (S_3)

    NamedField  go to state 81
    FIELD  go to state 71


State 73

   31 NamedFields: S_3 •

    $default  reduce using rule 31 (NamedFields)


State 74

   43 Type: ID `[` Types `]` •

    $default  reduce using rule 43 (Type)


State 75

   57 S_5_L: S_5_L `,` Type •

    $default  reduce using rule 57 (S_5_L)


State 76

   33 NamedField: ID `:` • FIELD

    ID  shift, and go to state 82
    `(`  shift, and go to state 66

    FIELD  go to state 83


State 77

   35 FIELD: `(` NamedFields • `)` REPEAT

    `)`  shift, and go to state 84


State 78

   29 RHS: Production `|` • RHS

    ID  shift, and go to state 65
    `(`  shift, and go to state 66

    RHS  go to state 85
    Production  go to state 68
    NamedFields  go to state 69
    NamedField  go to state 70
    FIELD  go to state 71
    S_3_L  go to state 72
    S_3  go to state 73


State 79

   40 Action: CODE •

    $default  reduce using rule 40 (Action)


State 80

   30 Production: NamedFields Action • Precedence

    `%prec`  shift, and go to state 86

    $default  reduce using rule 54 (S_4)

    Precedence  go to state 87
    S_4  go to state 88


State 81

   52 S_3_L: S_3_L NamedField •

    $default  reduce using rule 52 (S_3_L)


State 82

   34 FIELD: ID •

    $default  reduce using rule 34 (FIELD)


State 83

   33 NamedField: ID `:` FIELD •

    $default  reduce using rule 33 (NamedField)


State 84

   35 FIELD: `(` NamedFields `)` • REPEAT

    `*`  shift, and go to state 89
    `?`  shift, and go to state 90
    `+`  shift, and go to state 91

    REPEAT  go to state 92


State 85

   29 RHS: Production `|` RHS •

    $default  reduce using rule 29 (RHS)


State 86

   55 S_4: `%prec` • ID

    ID  shift, and go to state 93


State 87

   30 Production: NamedFields Action Precedence •

    $default  reduce using rule 30 (Production)


State 88

   41 Precedence: S_4 •

    $default  reduce using rule 41 (Precedence)


State 89

   37 REPEAT: `*` •

    $default  reduce using rule 37 (REPEAT)


State 90

   36 REPEAT: `?` •

    $default  reduce using rule 36 (REPEAT)


State 91

   38 REPEAT: `+` •

    $default  reduce using rule 38 (REPEAT)


State 92

   35 FIELD: `(` NamedFields `)` REPEAT •

    $default  reduce using rule 35 (FIELD)


State 93

   55 S_4: `%prec` ID •

    $default  reduce using rule 55 (S_4)
