Terminals unused in grammar

    `[`
    `]`
    LEXICALERROR


Grammar

    0 $accept: loop $end

    1 loop: ε
    2      | loop command NL
    3      | loop error NL

    4 command: exprs
    5      | QUIT
    6      | LOG
    7      | ε

    8 expr: ID
    9      | NUM
   10      | ID `=` expr
   11      | expr `^` expr
   12      | expr `*` expr
   13      | expr `+` expr
   14      | expr `/` expr
   15      | expr `-` expr
   16      | `(` expr `)`
   17      | `(` error `)`
   18      | ID `(` exprs `)`

   19 exprs: expr
   20      | exprs `,` expr


Terminals, with rules where they appear

    $end (0) 0
    error (256) 3 17
    NUM (258) 9
    ID (259) 8 10 18
    `(` (260) 16 17 18
    `)` (261) 16 17 18
    `[` (262)
    `]` (263)
    `,` (264) 20
    LEXICALERROR (265)
    NL (266) 2 3
    QUIT (267) 5
    LOG (268) 6
    `=` (269) 10
    `+` (270) 13
    `-` (271) 15
    `*` (272) 12
    `/` (273) 14
    `^` (274) 11


Nonterminals, with rules where they appear

    $accept (20)
        on left: 0
    loop (21)
        on left: 1 2 3
        on right: 0 2 3
    command (22)
        on left: 4 5 6 7
        on right: 2
    expr (23)
        on left: 8 9 10 11 12 13 14 15 16 17 18
        on right: 10 11 12 13 14 15 16 19 20
    exprs (24)
        on left: 19 20
        on right: 4 18 20


State 0

    0 $accept: • loop $end

    $end   reduce using rule 1 (loop)
    error  reduce using rule 1 (loop)
    NUM  reduce using rule 1 (loop)
    ID  reduce using rule 1 (loop)
    `(`  reduce using rule 1 (loop)
    NL  reduce using rule 1 (loop)
    QUIT  reduce using rule 1 (loop)
    LOG  reduce using rule 1 (loop)

    loop  go to state 1


State 1

    0 $accept: loop • $end
    2 loop: loop • command NL
    3      | loop • error NL

    $end   shift, and go to state 2
    error  shift, and go to state 3
    NUM  shift, and go to state 4
    ID  shift, and go to state 5
    `(`  shift, and go to state 6
    QUIT  shift, and go to state 7
    LOG  shift, and go to state 8

    NL  reduce using rule 7 (command)

    command  go to state 9
    expr  go to state 10
    exprs  go to state 11


State 2

    0 $accept: loop $end •

    $default  accept


State 3

    3 loop: loop error • NL

    NL  shift, and go to state 12


State 4

    9 expr: NUM •

    `,`  reduce using rule 9 (expr)
    NL  reduce using rule 9 (expr)
    `+`  reduce using rule 9 (expr)
    `-`  reduce using rule 9 (expr)
    `*`  reduce using rule 9 (expr)
    `/`  reduce using rule 9 (expr)
    `^`  reduce using rule 9 (expr)


State 5

    8 expr: ID •
   10      | ID • `=` expr
   18      | ID • `(` exprs `)`

    `(`  shift, and go to state 13
    `=`  shift, and go to state 14

    `,`  reduce using rule 8 (expr)
    NL  reduce using rule 8 (expr)
    `+`  reduce using rule 8 (expr)
    `-`  reduce using rule 8 (expr)
    `*`  reduce using rule 8 (expr)
    `/`  reduce using rule 8 (expr)
    `^`  reduce using rule 8 (expr)


State 6

   16 expr: `(` • expr `)`
   17      | `(` • error `)`

    error  shift, and go to state 15
    NUM  shift, and go to state 35
    ID  shift, and go to state 36
    `(`  shift, and go to state 37

    expr  go to state 16


State 7

    5 command: QUIT •

    NL  reduce using rule 5 (command)


State 8

    6 command: LOG •

    NL  reduce using rule 6 (command)


State 9

    2 loop: loop command • NL

    NL  shift, and go to state 17


State 10

   11 expr: expr • `^` expr
   12      | expr • `*` expr
   13      | expr • `+` expr
   14      | expr • `/` expr
   15      | expr • `-` expr
   19 exprs: expr •

    `+`  shift, and go to state 18
    `-`  shift, and go to state 19
    `*`  shift, and go to state 20
    `/`  shift, and go to state 21
    `^`  shift, and go to state 22

    `,`  reduce using rule 19 (exprs)
    NL  reduce using rule 19 (exprs)


State 11

    4 command: exprs •
   20 exprs: exprs • `,` expr

    `,`  shift, and go to state 23

    NL  reduce using rule 4 (command)


State 12

    3 loop: loop error NL •

    $end   reduce using rule 3 (loop)
    error  reduce using rule 3 (loop)
    NUM  reduce using rule 3 (loop)
    ID  reduce using rule 3 (loop)
    `(`  reduce using rule 3 (loop)
    NL  reduce using rule 3 (loop)
    QUIT  reduce using rule 3 (loop)
    LOG  reduce using rule 3 (loop)


State 13

   18 expr: ID `(` • exprs `)`

    NUM  shift, and go to state 38
    ID  shift, and go to state 39
    `(`  shift, and go to state 40

    expr  go to state 41
    exprs  go to state 24


State 14

   10 expr: ID `=` • expr

    NUM  shift, and go to state 4
    ID  shift, and go to state 5
    `(`  shift, and go to state 6

    expr  go to state 25


State 15

   17 expr: `(` error • `)`

    `)`  shift, and go to state 26


State 16

   11 expr: expr • `^` expr
   12      | expr • `*` expr
   13      | expr • `+` expr
   14      | expr • `/` expr
   15      | expr • `-` expr
   16      | `(` expr • `)`

    `)`  shift, and go to state 27
    `+`  shift, and go to state 42
    `-`  shift, and go to state 43
    `*`  shift, and go to state 44
    `/`  shift, and go to state 45
    `^`  shift, and go to state 46


State 17

    2 loop: loop command NL •

    $end   reduce using rule 2 (loop)
    error  reduce using rule 2 (loop)
    NUM  reduce using rule 2 (loop)
    ID  reduce using rule 2 (loop)
    `(`  reduce using rule 2 (loop)
    NL  reduce using rule 2 (loop)
    QUIT  reduce using rule 2 (loop)
    LOG  reduce using rule 2 (loop)


State 18

   13 expr: expr `+` • expr

    NUM  shift, and go to state 4
    ID  shift, and go to state 5
    `(`  shift, and go to state 6

    expr  go to state 28


State 19

   15 expr: expr `-` • expr

    NUM  shift, and go to state 4
    ID  shift, and go to state 5
    `(`  shift, and go to state 6

    expr  go to state 29


State 20

   12 expr: expr `*` • expr

    NUM  shift, and go to state 4
    ID  shift, and go to state 5
    `(`  shift, and go to state 6

    expr  go to state 30


State 21

   14 expr: expr `/` • expr

    NUM  shift, and go to state 4
    ID  shift, and go to state 5
    `(`  shift, and go to state 6

    expr  go to state 31


State 22

   11 expr: expr `^` • expr

    NUM  shift, and go to state 4
    ID  shift, and go to state 5
    `(`  shift, and go to state 6

    expr  go to state 32


State 23

   20 exprs: exprs `,` • expr

    NUM  shift, and go to state 4
    ID  shift, and go to state 5
    `(`  shift, and go to state 6

    expr  go to state 33


State 24

   18 expr: ID `(` exprs • `)`
   20 exprs: exprs • `,` expr

    `)`  shift, and go to state 34
    `,`  shift, and go to state 47


State 25

   10 expr: ID `=` expr •
   11      | expr • `^` expr
   12      | expr • `*` expr
   13      | expr • `+` expr
   14      | expr • `/` expr
   15      | expr • `-` expr

    `+`  shift, and go to state 18
    `-`  shift, and go to state 19
    `*`  shift, and go to state 20
    `/`  shift, and go to state 21
    `^`  shift, and go to state 22

    `,`  reduce using rule 10 (expr)
    NL  reduce using rule 10 (expr)


State 26

   17 expr: `(` error `)` •

    `,`  reduce using rule 17 (expr)
    NL  reduce using rule 17 (expr)
    `+`  reduce using rule 17 (expr)
    `-`  reduce using rule 17 (expr)
    `*`  reduce using rule 17 (expr)
    `/`  reduce using rule 17 (expr)
    `^`  reduce using rule 17 (expr)


State 27

   16 expr: `(` expr `)` •

    `,`  reduce using rule 16 (expr)
    NL  reduce using rule 16 (expr)
    `+`  reduce using rule 16 (expr)
    `-`  reduce using rule 16 (expr)
    `*`  reduce using rule 16 (expr)
    `/`  reduce using rule 16 (expr)
    `^`  reduce using rule 16 (expr)


State 28

   11 expr: expr • `^` expr
   12      | expr • `*` expr
   13      | expr • `+` expr
   13      | expr `+` expr •
   14      | expr • `/` expr
   15      | expr • `-` expr

    `*`  shift, and go to state 20
    `/`  shift, and go to state 21
    `^`  shift, and go to state 22

    `,`  reduce using rule 13 (expr)
    NL  reduce using rule 13 (expr)
    `+`  reduce using rule 13 (expr)
    `-`  reduce using rule 13 (expr)


State 29

   11 expr: expr • `^` expr
   12      | expr • `*` expr
   13      | expr • `+` expr
   14      | expr • `/` expr
   15      | expr • `-` expr
   15      | expr `-` expr •

    `*`  shift, and go to state 20
    `/`  shift, and go to state 21
    `^`  shift, and go to state 22

    `,`  reduce using rule 15 (expr)
    NL  reduce using rule 15 (expr)
    `+`  reduce using rule 15 (expr)
    `-`  reduce using rule 15 (expr)


State 30

   11 expr: expr • `^` expr
   12      | expr • `*` expr
   12      | expr `*` expr •
   13      | expr • `+` expr
   14      | expr • `/` expr
   15      | expr • `-` expr

    `^`  shift, and go to state 22

    `,`  reduce using rule 12 (expr)
    NL  reduce using rule 12 (expr)
    `+`  reduce using rule 12 (expr)
    `-`  reduce using rule 12 (expr)
    `*`  reduce using rule 12 (expr)
    `/`  reduce using rule 12 (expr)


State 31

   11 expr: expr • `^` expr
   12      | expr • `*` expr
   13      | expr • `+` expr
   14      | expr • `/` expr
   14      | expr `/` expr •
   15      | expr • `-` expr

    `^`  shift, and go to state 22

    `,`  reduce using rule 14 (expr)
    NL  reduce using rule 14 (expr)
    `+`  reduce using rule 14 (expr)
    `-`  reduce using rule 14 (expr)
    `*`  reduce using rule 14 (expr)
    `/`  reduce using rule 14 (expr)


State 32

   11 expr: expr • `^` expr
   11      | expr `^` expr •
   12      | expr • `*` expr
   13      | expr • `+` expr
   14      | expr • `/` expr
   15      | expr • `-` expr

    `^`  shift, and go to state 22

    `,`  reduce using rule 11 (expr)
    NL  reduce using rule 11 (expr)
    `+`  reduce using rule 11 (expr)
    `-`  reduce using rule 11 (expr)
    `*`  reduce using rule 11 (expr)
    `/`  reduce using rule 11 (expr)


State 33

   11 expr: expr • `^` expr
   12      | expr • `*` expr
   13      | expr • `+` expr
   14      | expr • `/` expr
   15      | expr • `-` expr
   20 exprs: exprs `,` expr •

    `+`  shift, and go to state 18
    `-`  shift, and go to state 19
    `*`  shift, and go to state 20
    `/`  shift, and go to state 21
    `^`  shift, and go to state 22

    `,`  reduce using rule 20 (exprs)
    NL  reduce using rule 20 (exprs)


State 34

   18 expr: ID `(` exprs `)` •

    `,`  reduce using rule 18 (expr)
    NL  reduce using rule 18 (expr)
    `+`  reduce using rule 18 (expr)
    `-`  reduce using rule 18 (expr)
    `*`  reduce using rule 18 (expr)
    `/`  reduce using rule 18 (expr)
    `^`  reduce using rule 18 (expr)


State 35

    9 expr: NUM •

    `)`  reduce using rule 9 (expr)
    `+`  reduce using rule 9 (expr)
    `-`  reduce using rule 9 (expr)
    `*`  reduce using rule 9 (expr)
    `/`  reduce using rule 9 (expr)
    `^`  reduce using rule 9 (expr)


State 36

    8 expr: ID •
   10      | ID • `=` expr
   18      | ID • `(` exprs `)`

    `(`  shift, and go to state 48
    `=`  shift, and go to state 49

    `)`  reduce using rule 8 (expr)
    `+`  reduce using rule 8 (expr)
    `-`  reduce using rule 8 (expr)
    `*`  reduce using rule 8 (expr)
    `/`  reduce using rule 8 (expr)
    `^`  reduce using rule 8 (expr)


State 37

   16 expr: `(` • expr `)`
   17      | `(` • error `)`

    error  shift, and go to state 50
    NUM  shift, and go to state 35
    ID  shift, and go to state 36
    `(`  shift, and go to state 37

    expr  go to state 51


State 38

    9 expr: NUM •

    `)`  reduce using rule 9 (expr)
    `,`  reduce using rule 9 (expr)
    `+`  reduce using rule 9 (expr)
    `-`  reduce using rule 9 (expr)
    `*`  reduce using rule 9 (expr)
    `/`  reduce using rule 9 (expr)
    `^`  reduce using rule 9 (expr)


State 39

    8 expr: ID •
   10      | ID • `=` expr
   18      | ID • `(` exprs `)`

    `(`  shift, and go to state 52
    `=`  shift, and go to state 53

    `)`  reduce using rule 8 (expr)
    `,`  reduce using rule 8 (expr)
    `+`  reduce using rule 8 (expr)
    `-`  reduce using rule 8 (expr)
    `*`  reduce using rule 8 (expr)
    `/`  reduce using rule 8 (expr)
    `^`  reduce using rule 8 (expr)


State 40

   16 expr: `(` • expr `)`
   17      | `(` • error `)`

    error  shift, and go to state 54
    NUM  shift, and go to state 35
    ID  shift, and go to state 36
    `(`  shift, and go to state 37

    expr  go to state 55


State 41

   11 expr: expr • `^` expr
   12      | expr • `*` expr
   13      | expr • `+` expr
   14      | expr • `/` expr
   15      | expr • `-` expr
   19 exprs: expr •

    `+`  shift, and go to state 56
    `-`  shift, and go to state 57
    `*`  shift, and go to state 58
    `/`  shift, and go to state 59
    `^`  shift, and go to state 60

    `)`  reduce using rule 19 (exprs)
    `,`  reduce using rule 19 (exprs)


State 42

   13 expr: expr `+` • expr

    NUM  shift, and go to state 35
    ID  shift, and go to state 36
    `(`  shift, and go to state 37

    expr  go to state 61


State 43

   15 expr: expr `-` • expr

    NUM  shift, and go to state 35
    ID  shift, and go to state 36
    `(`  shift, and go to state 37

    expr  go to state 62


State 44

   12 expr: expr `*` • expr

    NUM  shift, and go to state 35
    ID  shift, and go to state 36
    `(`  shift, and go to state 37

    expr  go to state 63


State 45

   14 expr: expr `/` • expr

    NUM  shift, and go to state 35
    ID  shift, and go to state 36
    `(`  shift, and go to state 37

    expr  go to state 64


State 46

   11 expr: expr `^` • expr

    NUM  shift, and go to state 35
    ID  shift, and go to state 36
    `(`  shift, and go to state 37

    expr  go to state 65


State 47

   20 exprs: exprs `,` • expr

    NUM  shift, and go to state 38
    ID  shift, and go to state 39
    `(`  shift, and go to state 40

    expr  go to state 66


State 48

   18 expr: ID `(` • exprs `)`

    NUM  shift, and go to state 38
    ID  shift, and go to state 39
    `(`  shift, and go to state 40

    expr  go to state 41
    exprs  go to state 67


State 49

   10 expr: ID `=` • expr

    NUM  shift, and go to state 35
    ID  shift, and go to state 36
    `(`  shift, and go to state 37

    expr  go to state 68


State 50

   17 expr: `(` error • `)`

    `)`  shift, and go to state 69


State 51

   11 expr: expr • `^` expr
   12      | expr • `*` expr
   13      | expr • `+` expr
   14      | expr • `/` expr
   15      | expr • `-` expr
   16      | `(` expr • `)`

    `)`  shift, and go to state 70
    `+`  shift, and go to state 42
    `-`  shift, and go to state 43
    `*`  shift, and go to state 44
    `/`  shift, and go to state 45
    `^`  shift, and go to state 46


State 52

   18 expr: ID `(` • exprs `)`

    NUM  shift, and go to state 38
    ID  shift, and go to state 39
    `(`  shift, and go to state 40

    expr  go to state 41
    exprs  go to state 71


State 53

   10 expr: ID `=` • expr

    NUM  shift, and go to state 38
    ID  shift, and go to state 39
    `(`  shift, and go to state 40

    expr  go to state 72


State 54

   17 expr: `(` error • `)`

    `)`  shift, and go to state 73


State 55

   11 expr: expr • `^` expr
   12      | expr • `*` expr
   13      | expr • `+` expr
   14      | expr • `/` expr
   15      | expr • `-` expr
   16      | `(` expr • `)`

    `)`  shift, and go to state 74
    `+`  shift, and go to state 42
    `-`  shift, and go to state 43
    `*`  shift, and go to state 44
    `/`  shift, and go to state 45
    `^`  shift, and go to state 46


State 56

   13 expr: expr `+` • expr

    NUM  shift, and go to state 38
    ID  shift, and go to state 39
    `(`  shift, and go to state 40

    expr  go to state 75


State 57

   15 expr: expr `-` • expr

    NUM  shift, and go to state 38
    ID  shift, and go to state 39
    `(`  shift, and go to state 40

    expr  go to state 76


State 58

   12 expr: expr `*` • expr

    NUM  shift, and go to state 38
    ID  shift, and go to state 39
    `(`  shift, and go to state 40

    expr  go to state 77


State 59

   14 expr: expr `/` • expr

    NUM  shift, and go to state 38
    ID  shift, and go to state 39
    `(`  shift, and go to state 40

    expr  go to state 78


State 60

   11 expr: expr `^` • expr

    NUM  shift, and go to state 38
    ID  shift, and go to state 39
    `(`  shift, and go to state 40

    expr  go to state 79


State 61

   11 expr: expr • `^` expr
   12      | expr • `*` expr
   13      | expr • `+` expr
   13      | expr `+` expr •
   14      | expr • `/` expr
   15      | expr • `-` expr

    `*`  shift, and go to state 44
    `/`  shift, and go to state 45
    `^`  shift, and go to state 46

    `)`  reduce using rule 13 (expr)
    `+`  reduce using rule 13 (expr)
    `-`  reduce using rule 13 (expr)


State 62

   11 expr: expr • `^` expr
   12      | expr • `*` expr
   13      | expr • `+` expr
   14      | expr • `/` expr
   15      | expr • `-` expr
   15      | expr `-` expr •

    `*`  shift, and go to state 44
    `/`  shift, and go to state 45
    `^`  shift, and go to state 46

    `)`  reduce using rule 15 (expr)
    `+`  reduce using rule 15 (expr)
    `-`  reduce using rule 15 (expr)


State 63

   11 expr: expr • `^` expr
   12      | expr • `*` expr
   12      | expr `*` expr •
   13      | expr • `+` expr
   14      | expr • `/` expr
   15      | expr • `-` expr

    `^`  shift, and go to state 46

    `)`  reduce using rule 12 (expr)
    `+`  reduce using rule 12 (expr)
    `-`  reduce using rule 12 (expr)
    `*`  reduce using rule 12 (expr)
    `/`  reduce using rule 12 (expr)


State 64

   11 expr: expr • `^` expr
   12      | expr • `*` expr
   13      | expr • `+` expr
   14      | expr • `/` expr
   14      | expr `/` expr •
   15      | expr • `-` expr

    `^`  shift, and go to state 46

    `)`  reduce using rule 14 (expr)
    `+`  reduce using rule 14 (expr)
    `-`  reduce using rule 14 (expr)
    `*`  reduce using rule 14 (expr)
    `/`  reduce using rule 14 (expr)


State 65

   11 expr: expr • `^` expr
   11      | expr `^` expr •
   12      | expr • `*` expr
   13      | expr • `+` expr
   14      | expr • `/` expr
   15      | expr • `-` expr

    `^`  shift, and go to state 46

    `)`  reduce using rule 11 (expr)
    `+`  reduce using rule 11 (expr)
    `-`  reduce using rule 11 (expr)
    `*`  reduce using rule 11 (expr)
    `/`  reduce using rule 11 (expr)


State 66

   11 expr: expr • `^` expr
   12      | expr • `*` expr
   13      | expr • `+` expr
   14      | expr • `/` expr
   15      | expr • `-` expr
   20 exprs: exprs `,` expr •

    `+`  shift, and go to state 56
    `-`  shift, and go to state 57
    `*`  shift, and go to state 58
    `/`  shift, and go to state 59
    `^`  shift, and go to state 60

    `)`  reduce using rule 20 (exprs)
    `,`  reduce using rule 20 (exprs)


State 67

   18 expr: ID `(` exprs • `)`
   20 exprs: exprs • `,` expr

    `)`  shift, and go to state 80
    `,`  shift, and go to state 47


State 68

   10 expr: ID `=` expr •
   11      | expr • `^` expr
   12      | expr • `*` expr
   13      | expr • `+` expr
   14      | expr • `/` expr
   15      | expr • `-` expr

    `+`  shift, and go to state 42
    `-`  shift, and go to state 43
    `*`  shift, and go to state 44
    `/`  shift, and go to state 45
    `^`  shift, and go to state 46

    `)`  reduce using rule 10 (expr)


State 69

   17 expr: `(` error `)` •

    `)`  reduce using rule 17 (expr)
    `+`  reduce using rule 17 (expr)
    `-`  reduce using rule 17 (expr)
    `*`  reduce using rule 17 (expr)
    `/`  reduce using rule 17 (expr)
    `^`  reduce using rule 17 (expr)


State 70

   16 expr: `(` expr `)` •

    `)`  reduce using rule 16 (expr)
    `+`  reduce using rule 16 (expr)
    `-`  reduce using rule 16 (expr)
    `*`  reduce using rule 16 (expr)
    `/`  reduce using rule 16 (expr)
    `^`  reduce using rule 16 (expr)


State 71

   18 expr: ID `(` exprs • `)`
   20 exprs: exprs • `,` expr

    `)`  shift, and go to state 81
    `,`  shift, and go to state 47


State 72

   10 expr: ID `=` expr •
   11      | expr • `^` expr
   12      | expr • `*` expr
   13      | expr • `+` expr
   14      | expr • `/` expr
   15      | expr • `-` expr

    `+`  shift, and go to state 56
    `-`  shift, and go to state 57
    `*`  shift, and go to state 58
    `/`  shift, and go to state 59
    `^`  shift, and go to state 60

    `)`  reduce using rule 10 (expr)
    `,`  reduce using rule 10 (expr)


State 73

   17 expr: `(` error `)` •

    `)`  reduce using rule 17 (expr)
    `,`  reduce using rule 17 (expr)
    `+`  reduce using rule 17 (expr)
    `-`  reduce using rule 17 (expr)
    `*`  reduce using rule 17 (expr)
    `/`  reduce using rule 17 (expr)
    `^`  reduce using rule 17 (expr)


State 74

   16 expr: `(` expr `)` •

    `)`  reduce using rule 16 (expr)
    `,`  reduce using rule 16 (expr)
    `+`  reduce using rule 16 (expr)
    `-`  reduce using rule 16 (expr)
    `*`  reduce using rule 16 (expr)
    `/`  reduce using rule 16 (expr)
    `^`  reduce using rule 16 (expr)


State 75

   11 expr: expr • `^` expr
   12      | expr • `*` expr
   13      | expr • `+` expr
   13      | expr `+` expr •
   14      | expr • `/` expr
   15      | expr • `-` expr

    `*`  shift, and go to state 58
    `/`  shift, and go to state 59
    `^`  shift, and go to state 60

    `)`  reduce using rule 13 (expr)
    `,`  reduce using rule 13 (expr)
    `+`  reduce using rule 13 (expr)
    `-`  reduce using rule 13 (expr)


State 76

   11 expr: expr • `^` expr
   12      | expr • `*` expr
   13      | expr • `+` expr
   14      | expr • `/` expr
   15      | expr • `-` expr
   15      | expr `-` expr •

    `*`  shift, and go to state 58
    `/`  shift, and go to state 59
    `^`  shift, and go to state 60

    `)`  reduce using rule 15 (expr)
    `,`  reduce using rule 15 (expr)
    `+`  reduce using rule 15 (expr)
    `-`  reduce using rule 15 (expr)


State 77

   11 expr: expr • `^` expr
   12      | expr • `*` expr
   12      | expr `*` expr •
   13      | expr • `+` expr
   14      | expr • `/` expr
   15      | expr • `-` expr

    `^`  shift, and go to state 60

    `)`  reduce using rule 12 (expr)
    `,`  reduce using rule 12 (expr)
    `+`  reduce using rule 12 (expr)
    `-`  reduce using rule 12 (expr)
    `*`  reduce using rule 12 (expr)
    `/`  reduce using rule 12 (expr)


State 78

   11 expr: expr • `^` expr
   12      | expr • `*` expr
   13      | expr • `+` expr
   14      | expr • `/` expr
   14      | expr `/` expr •
   15      | expr • `-` expr

    `^`  shift, and go to state 60

    `)`  reduce using rule 14 (expr)
    `,`  reduce using rule 14 (expr)
    `+`  reduce using rule 14 (expr)
    `-`  reduce using rule 14 (expr)
    `*`  reduce using rule 14 (expr)
    `/`  reduce using rule 14 (expr)


State 79

   11 expr: expr • `^` expr
   11      | expr `^` expr •
   12      | expr • `*` expr
   13      | expr • `+` expr
   14      | expr • `/` expr
   15      | expr • `-` expr

    `^`  shift, and go to state 60

    `)`  reduce using rule 11 (expr)
    `,`  reduce using rule 11 (expr)
    `+`  reduce using rule 11 (expr)
    `-`  reduce using rule 11 (expr)
    `*`  reduce using rule 11 (expr)
    `/`  reduce using rule 11 (expr)


State 80

   18 expr: ID `(` exprs `)` •

    `)`  reduce using rule 18 (expr)
    `+`  reduce using rule 18 (expr)
    `-`  reduce using rule 18 (expr)
    `*`  reduce using rule 18 (expr)
    `/`  reduce using rule 18 (expr)
    `^`  reduce using rule 18 (expr)


State 81

   18 expr: ID `(` exprs `)` •

    `)`  reduce using rule 18 (expr)
    `,`  reduce using rule 18 (expr)
    `+`  reduce using rule 18 (expr)
    `-`  reduce using rule 18 (expr)
    `*`  reduce using rule 18 (expr)
    `/`  reduce using rule 18 (expr)
    `^`  reduce using rule 18 (expr)
