Terminals unused in grammar

    NUM
    COMMENT
    LEXICALERROR
    "{"
    "}"
    NL
    "%type"


Grammar

    0 $accept: Notation $end

    1 Notation: "%notation" ID "%package" ID OptPath OptDialects Tables OptInclude Tokens "%rules" OptInclude Rules OptSemicolon

    2 OptPath: ε
    3        | "%path" ID

    4 OptInclude: ε
    5           | "%include" CODE

    6 OptDialects: "%dialect" ID "%scalalr" ID
    7            | "%scalalr" ID "%dialect" ID
    8            | ε

    9 Tokens: ε
   10       | TokenSpec Tokens

   11 TokenSpec: "%left" TypedTerminals
   12          | "%right" TypedTerminals
   13          | "%non" TypedTerminals
   14          | "%token" TypedTerminals

   15 TypedTerminals: TypedTerminal
   16               | TypedTerminal TypedTerminals

   17 TypedTerminal: ID ":" Type
   18              | ID "(" Type ")"
   19              | ID

   20 Tables: ε
   21       | "%tables" ID

   22 Rules: Rule
   23      | Rules ";" Rule

   24 Rule: LHS "=" RHS

   25 OptSemicolon: ε
   26             | ";"

   27 LHS: ID ":" Type
   28    | ID

   29 RHS: Production
   30    | Production "|" RHS

   31 Production: NamedFields Action Precedence

   32 NamedFields: "%empty"
   33            | NamedField
   34            | NamedField NamedFields

   35 NamedField: ID
   36           | ID ":" ID

   37 Action: ε
   38       | CODE

   39 Precedence: ε
   40           | "%prec" ID

   41 Type: ID
   42     | ID "[" Types "]"
   43     | "(" Types ")"
   44     | "(" ")"

   45 Types: Type
   46      | Type "," Types


Terminals, with rules where they appear

    $end (0) 0
    error (256)
    ID (258) 1 3 6 7 17 18 19 21 27 28 35 36 40 41 42
    NUM (259)
    CODE (260) 5 38
    COMMENT (261)
    LEXICALERROR (262)
    "[" (263) 42
    "]" (264) 42
    ";" (265) 23 26
    "=" (266) 24
    "|" (267) 30
    ":" (268) 17 27 36
    "{" (269)
    "}" (270)
    "(" (271) 18 43 44
    ")" (272) 18 43 44
    "," (273) 46
    NL (274)
    "%path" (275) 3
    "%type" (276)
    "%empty" (277) 32
    "%notation" (278) 1
    "%package" (279) 1
    "%token" (280) 14
    "%left" (281) 11
    "%right" (282) 12
    "%non" (283) 13
    "%rules" (284) 1
    "%include" (285) 5
    "%prec" (286) 40
    "%tables" (287) 21
    "%dialect" (288) 6 7
    "%scalalr" (289) 6 7


Nonterminals, with rules where they appear

    $accept (35)
        on left: 0
    Notation (36)
        on left: 1
        on right: 0
    OptPath (37)
        on left: 2 3
        on right: 1
    OptInclude (38)
        on left: 4 5
        on right: 1
    OptDialects (39)
        on left: 6 7 8
        on right: 1
    Tokens (40)
        on left: 9 10
        on right: 1 10
    TokenSpec (41)
        on left: 11 12 13 14
        on right: 10
    TypedTerminals (42)
        on left: 15 16
        on right: 11 12 13 14 16
    TypedTerminal (43)
        on left: 17 18 19
        on right: 15 16
    Tables (44)
        on left: 20 21
        on right: 1
    Rules (45)
        on left: 22 23
        on right: 1 23
    Rule (46)
        on left: 24
        on right: 22 23
    OptSemicolon (47)
        on left: 25 26
        on right: 1
    LHS (48)
        on left: 27 28
        on right: 24
    RHS (49)
        on left: 29 30
        on right: 24 30
    Production (50)
        on left: 31
        on right: 29 30
    NamedFields (51)
        on left: 32 33 34
        on right: 31 34
    NamedField (52)
        on left: 35 36
        on right: 33 34
    Action (53)
        on left: 37 38
        on right: 31
    Precedence (54)
        on left: 39 40
        on right: 31
    Type (55)
        on left: 41 42 43 44
        on right: 17 18 27 45 46
    Types (56)
        on left: 45 46
        on right: 42 43 46


State 0

    0 $accept: • Notation $end

    "%notation"  shift, and go to state 1

    Notation  go to state 2


State 1

    1 Notation: "%notation" • ID "%package" ID OptPath OptDialects Tables OptInclude Tokens "%rules" OptInclude Rules OptSemicolon

    ID  shift, and go to state 3


State 2

    0 $accept: Notation • $end

    $end  shift, and go to state 4


State 3

    1 Notation: "%notation" ID • "%package" ID OptPath OptDialects Tables OptInclude Tokens "%rules" OptInclude Rules OptSemicolon

    "%package"  shift, and go to state 5


State 4

    0 $accept: Notation $end •

    $default  accept


State 5

    1 Notation: "%notation" ID "%package" • ID OptPath OptDialects Tables OptInclude Tokens "%rules" OptInclude Rules OptSemicolon

    ID  shift, and go to state 6


State 6

    1 Notation: "%notation" ID "%package" ID • OptPath OptDialects Tables OptInclude Tokens "%rules" OptInclude Rules OptSemicolon

    "%path"  shift, and go to state 7

    $default  reduce using rule 2 (OptPath)

    OptPath  go to state 8


State 7

    3 OptPath: "%path" • ID

    ID  shift, and go to state 9


State 8

    1 Notation: "%notation" ID "%package" ID OptPath • OptDialects Tables OptInclude Tokens "%rules" OptInclude Rules OptSemicolon

    "%dialect"  shift, and go to state 10
    "%scalalr"  shift, and go to state 11

    $default  reduce using rule 8 (OptDialects)

    OptDialects  go to state 12


State 9

    3 OptPath: "%path" ID •

    $default  reduce using rule 3 (OptPath)


State 10

    6 OptDialects: "%dialect" • ID "%scalalr" ID

    ID  shift, and go to state 13


State 11

    7 OptDialects: "%scalalr" • ID "%dialect" ID

    ID  shift, and go to state 14


State 12

    1 Notation: "%notation" ID "%package" ID OptPath OptDialects • Tables OptInclude Tokens "%rules" OptInclude Rules OptSemicolon

    "%tables"  shift, and go to state 15

    $default  reduce using rule 20 (Tables)

    Tables  go to state 16


State 13

    6 OptDialects: "%dialect" ID • "%scalalr" ID

    "%scalalr"  shift, and go to state 17


State 14

    7 OptDialects: "%scalalr" ID • "%dialect" ID

    "%dialect"  shift, and go to state 18


State 15

   21 Tables: "%tables" • ID

    ID  shift, and go to state 19


State 16

    1 Notation: "%notation" ID "%package" ID OptPath OptDialects Tables • OptInclude Tokens "%rules" OptInclude Rules OptSemicolon

    "%include"  shift, and go to state 20

    $default  reduce using rule 4 (OptInclude)

    OptInclude  go to state 21


State 17

    6 OptDialects: "%dialect" ID "%scalalr" • ID

    ID  shift, and go to state 22


State 18

    7 OptDialects: "%scalalr" ID "%dialect" • ID

    ID  shift, and go to state 23


State 19

   21 Tables: "%tables" ID •

    $default  reduce using rule 21 (Tables)


State 20

    5 OptInclude: "%include" • CODE

    CODE  shift, and go to state 24


State 21

    1 Notation: "%notation" ID "%package" ID OptPath OptDialects Tables OptInclude • Tokens "%rules" OptInclude Rules OptSemicolon

    "%token"  shift, and go to state 25
    "%left"  shift, and go to state 26
    "%right"  shift, and go to state 27
    "%non"  shift, and go to state 28

    $default  reduce using rule 9 (Tokens)

    Tokens     go to state 29
    TokenSpec  go to state 30


State 22

    6 OptDialects: "%dialect" ID "%scalalr" ID •

    $default  reduce using rule 6 (OptDialects)


State 23

    7 OptDialects: "%scalalr" ID "%dialect" ID •

    $default  reduce using rule 7 (OptDialects)


State 24

    5 OptInclude: "%include" CODE •

    $default  reduce using rule 5 (OptInclude)


State 25

   14 TokenSpec: "%token" • TypedTerminals

    ID  shift, and go to state 31

    TypedTerminals  go to state 32
    TypedTerminal   go to state 33


State 26

   11 TokenSpec: "%left" • TypedTerminals

    ID  shift, and go to state 31

    TypedTerminals  go to state 34
    TypedTerminal   go to state 33


State 27

   12 TokenSpec: "%right" • TypedTerminals

    ID  shift, and go to state 31

    TypedTerminals  go to state 35
    TypedTerminal   go to state 33


State 28

   13 TokenSpec: "%non" • TypedTerminals

    ID  shift, and go to state 31

    TypedTerminals  go to state 36
    TypedTerminal   go to state 33


State 29

    1 Notation: "%notation" ID "%package" ID OptPath OptDialects Tables OptInclude Tokens • "%rules" OptInclude Rules OptSemicolon

    "%rules"  shift, and go to state 37


State 30

   10 Tokens: TokenSpec • Tokens

    "%token"  shift, and go to state 25
    "%left"  shift, and go to state 26
    "%right"  shift, and go to state 27
    "%non"  shift, and go to state 28

    $default  reduce using rule 9 (Tokens)

    Tokens     go to state 38
    TokenSpec  go to state 30


State 31

   17 TypedTerminal: ID • ":" Type
   18              | ID • "(" Type ")"
   19              | ID •

    ":"  shift, and go to state 39
    "("  shift, and go to state 40

    $default  reduce using rule 19 (TypedTerminal)


State 32

   14 TokenSpec: "%token" TypedTerminals •

    $default  reduce using rule 14 (TokenSpec)


State 33

   15 TypedTerminals: TypedTerminal •
   16               | TypedTerminal • TypedTerminals

    ID  shift, and go to state 31

    $default  reduce using rule 15 (TypedTerminals)

    TypedTerminals  go to state 41
    TypedTerminal   go to state 33


State 34

   11 TokenSpec: "%left" TypedTerminals •

    $default  reduce using rule 11 (TokenSpec)


State 35

   12 TokenSpec: "%right" TypedTerminals •

    $default  reduce using rule 12 (TokenSpec)


State 36

   13 TokenSpec: "%non" TypedTerminals •

    $default  reduce using rule 13 (TokenSpec)


State 37

    1 Notation: "%notation" ID "%package" ID OptPath OptDialects Tables OptInclude Tokens "%rules" • OptInclude Rules OptSemicolon

    "%include"  shift, and go to state 20

    $default  reduce using rule 4 (OptInclude)

    OptInclude  go to state 42


State 38

   10 Tokens: TokenSpec Tokens •

    $default  reduce using rule 10 (Tokens)


State 39

   17 TypedTerminal: ID ":" • Type

    ID      shift, and go to state 43
    "("  shift, and go to state 44

    Type  go to state 45


State 40

   18 TypedTerminal: ID "(" • Type ")"

    ID      shift, and go to state 43
    "("  shift, and go to state 44

    Type  go to state 46


State 41

   16 TypedTerminals: TypedTerminal TypedTerminals •

    $default  reduce using rule 16 (TypedTerminals)


State 42

    1 Notation: "%notation" ID "%package" ID OptPath OptDialects Tables OptInclude Tokens "%rules" OptInclude • Rules OptSemicolon

    ID  shift, and go to state 47

    Rules  go to state 48
    Rule   go to state 49
    LHS    go to state 50


State 43

   41 Type: ID •
   42     | ID • "[" Types "]"

    "["  shift, and go to state 51

    $default  reduce using rule 41 (Type)


State 44

   43 Type: "(" • Types ")"
   44     | "(" • ")"

    ID      shift, and go to state 43
    "("  shift, and go to state 44
    ")"  shift, and go to state 52

    Type   go to state 53
    Types  go to state 54


State 45

   17 TypedTerminal: ID ":" Type •

    $default  reduce using rule 17 (TypedTerminal)


State 46

   18 TypedTerminal: ID "(" Type • ")"

    ")"  shift, and go to state 55


State 47

   27 LHS: ID • ":" Type
   28    | ID •

    ":"  shift, and go to state 56

    $default  reduce using rule 28 (LHS)


State 48

    1 Notation: "%notation" ID "%package" ID OptPath OptDialects Tables OptInclude Tokens "%rules" OptInclude Rules • OptSemicolon
   23 Rules: Rules • ";" Rule

    ";"  shift, and go to state 57

    $default  reduce using rule 25 (OptSemicolon)

    OptSemicolon  go to state 58


State 49

   22 Rules: Rule •

    $default  reduce using rule 22 (Rules)


State 50

   24 Rule: LHS • "=" RHS

    "="  shift, and go to state 59


State 51

   42 Type: ID "[" • Types "]"

    ID      shift, and go to state 43
    "("  shift, and go to state 44

    Type   go to state 53
    Types  go to state 60


State 52

   44 Type: "(" ")" •

    $default  reduce using rule 44 (Type)


State 53

   45 Types: Type •
   46      | Type • "," Types

    ","  shift, and go to state 61

    $default  reduce using rule 45 (Types)


State 54

   43 Type: "(" Types • ")"

    ")"  shift, and go to state 62


State 55

   18 TypedTerminal: ID "(" Type ")" •

    $default  reduce using rule 18 (TypedTerminal)


State 56

   27 LHS: ID ":" • Type

    ID      shift, and go to state 43
    "("  shift, and go to state 44

    Type  go to state 63


State 57

   23 Rules: Rules ";" • Rule
   26 OptSemicolon: ";" •

    ID  shift, and go to state 47

    $default  reduce using rule 26 (OptSemicolon)

    Rule  go to state 64
    LHS   go to state 50


State 58

    1 Notation: "%notation" ID "%package" ID OptPath OptDialects Tables OptInclude Tokens "%rules" OptInclude Rules OptSemicolon •

    $default  reduce using rule 1 (Notation)


State 59

   24 Rule: LHS "=" • RHS

    ID      shift, and go to state 65
    "%empty"  shift, and go to state 66

    RHS          go to state 67
    Production   go to state 68
    NamedFields  go to state 69
    NamedField   go to state 70


State 60

   42 Type: ID "[" Types • "]"

    "]"  shift, and go to state 71


State 61

   46 Types: Type "," • Types

    ID      shift, and go to state 43
    "("  shift, and go to state 44

    Type   go to state 53
    Types  go to state 72


State 62

   43 Type: "(" Types ")" •

    $default  reduce using rule 43 (Type)


State 63

   27 LHS: ID ":" Type •

    $default  reduce using rule 27 (LHS)


State 64

   23 Rules: Rules ";" Rule •

    $default  reduce using rule 23 (Rules)


State 65

   35 NamedField: ID •
   36           | ID • ":" ID

    ":"  shift, and go to state 73

    $default  reduce using rule 35 (NamedField)


State 66

   32 NamedFields: "%empty" •

    $default  reduce using rule 32 (NamedFields)


State 67

   24 Rule: LHS "=" RHS •

    $default  reduce using rule 24 (Rule)


State 68

   29 RHS: Production •
   30    | Production • "|" RHS

    "|"  shift, and go to state 74

    $default  reduce using rule 29 (RHS)


State 69

   31 Production: NamedFields • Action Precedence

    CODE  shift, and go to state 75

    $default  reduce using rule 37 (Action)

    Action  go to state 76


State 70

   33 NamedFields: NamedField •
   34            | NamedField • NamedFields

    ID      shift, and go to state 65
    "%empty"  shift, and go to state 66

    $default  reduce using rule 33 (NamedFields)

    NamedFields  go to state 77
    NamedField   go to state 70


State 71

   42 Type: ID "[" Types "]" •

    $default  reduce using rule 42 (Type)


State 72

   46 Types: Type "," Types •

    $default  reduce using rule 46 (Types)


State 73

   36 NamedField: ID ":" • ID

    ID  shift, and go to state 78


State 74

   30 RHS: Production "|" • RHS

    ID      shift, and go to state 65
    "%empty"  shift, and go to state 66

    RHS          go to state 79
    Production   go to state 68
    NamedFields  go to state 69
    NamedField   go to state 70


State 75

   38 Action: CODE •

    $default  reduce using rule 38 (Action)


State 76

   31 Production: NamedFields Action • Precedence

    "%prec"  shift, and go to state 80

    $default  reduce using rule 39 (Precedence)

    Precedence  go to state 81


State 77

   34 NamedFields: NamedField NamedFields •

    $default  reduce using rule 34 (NamedFields)


State 78

   36 NamedField: ID ":" ID •

    $default  reduce using rule 36 (NamedField)


State 79

   30 RHS: Production "|" RHS •

    $default  reduce using rule 30 (RHS)


State 80

   40 Precedence: "%prec" • ID

    ID  shift, and go to state 82


State 81

   31 Production: NamedFields Action Precedence •

    $default  reduce using rule 31 (Production)


State 82

   40 Precedence: "%prec" ID •

    $default  reduce using rule 40 (Precedence)
