Terminals unused in grammar

    COMMENT
    LEXICALERROR
    ";"
    "{"
    "}"
    "%type"


Grammar

    0 $accept: Notation $end

    1 Notation: Prefix "%rules" INCLUDE Rules OPTNL

    2 Prefix: ε
    3       | Prefix "%notation" ID
    4       | Prefix "%package" ID
    5       | Prefix "%path" ID
    6       | Prefix "%tables" ID
    7       | Prefix "%include" CODE
    8       | Prefix "%token" TypedTerminals
    9       | Prefix "%left" TypedTerminals
   10       | Prefix "%right" TypedTerminals
   11       | Prefix "%non" TypedTerminals
   12       | Prefix "%prec" TypedTerminals
   13       | Prefix "%dialect" ID
   14       | Prefix "%scalalr" ID
   15       | Prefix "%signature" ID

   16 INCLUDE: "%include" CODE SEPARATOR
   17        | ε

   18 OPTNL: ε
   19      | SEPARATOR

   20 TypedTerminals: ε
   21               | TypedTerminal TypedTerminals

   22 TypedTerminal: ID ":" Type
   23              | ID "(" Type ")"
   24              | ID

   25 Rules: Rule
   26      | Rules SEPARATOR Rule

   27 Rule: LHS "=" OptBar RHS

   28 OptBar: "|"
   29       | ε

   30 LHS: ID ":" Type
   31    | ID

   32 RHS: Production
   33    | Production "|" RHS

   34 Production: NamedFields Action Precedence

   35 NamedFields: "%empty"
   36            | NamedField
   37            | NamedField NamedFields

   38 NamedField: FIELD
   39           | ID ":" FIELD

   40 FIELD: ID
   41      | "(" NamedFields ")" REPEAT
   42      | "(" NamedFields ")" "." "." "."

   43 REPEAT: "?"
   44       | "*"
   45       | "+"
   46       | "*" "." "."
   47       | "+" "." "."

   48 Precedence: ε
   49           | "%prec" ID

   50 Type: ID
   51     | ID "[" Types "]"
   52     | "(" Types ")"
   53     | "(" ")"

   54 Types: Type
   55      | Type "," Types

   56 Action: ε
   57       | CODE
   58       | "=>" Scala

   59 Scala: ScalaAtom
   60      | ScalaAtom "(" Scalas ")"
   61      | Scala "." Scala
   62      | Scala "::" Scala
   63      | Scala "+" Scala
   64      | Scala "-" Scala

   65 Scalas: ε
   66       | ScalaPlus

   67 ScalaPlus: Scala
   68          | ScalaPlus "," Scala

   69 ScalaAtom: ID
   70          | "$" ID
   71          | NUM
   72          | "(" Scala ")"


Terminals, with rules where they appear

    $end (0) 0
    error (256)
    ID (258) 3 4 5 6 13 14 15 22 23 24 30 31 39 40 49 50 51 69 70
    NUM (259) 71
    CODE (260) 7 16 57
    COMMENT (261)
    LEXICALERROR (262)
    "[" (263) 51
    "]" (264) 51
    ";" (265)
    "=" (266) 27
    "|" (267) 28 33
    ":" (268) 22 30 39
    "{" (269)
    "}" (270)
    "(" (271) 23 41 42 52 53 60 72
    ")" (272) 23 41 42 52 53 60 72
    "," (273) 55 68
    "*" (274) 44 46
    "?" (275) 43
    SEPARATOR (276) 16 19 26
    "%path" (277) 5
    "%type" (278)
    "%empty" (279) 35
    "%notation" (280) 3
    "%package" (281) 4
    "%token" (282) 8
    "%left" (283) 9
    "%right" (284) 10
    "%non" (285) 11
    "%rules" (286) 1
    "%include" (287) 7 16
    "%prec" (288) 12 49
    "%tables" (289) 6
    "%dialect" (290) 13
    "%scalalr" (291) 14
    "%signature" (292) 15
    "::" (293) 62
    "+" (294) 45 47 63
    "-" (295) 64
    "." (296) 42 46 47 61
    "=>" (297) 58
    "$" (298) 70


Nonterminals, with rules where they appear

    $accept (44)
        on left: 0
    Notation (45)
        on left: 1
        on right: 0
    Prefix (46)
        on left: 2 3 4 5 6 7 8 9 10 11 12 13 14 15
        on right: 1 3 4 5 6 7 8 9 10 11 12 13 14 15
    INCLUDE (47)
        on left: 16 17
        on right: 1
    OPTNL (48)
        on left: 18 19
        on right: 1
    TypedTerminals (49)
        on left: 20 21
        on right: 8 9 10 11 12 21
    TypedTerminal (50)
        on left: 22 23 24
        on right: 21
    Rules (51)
        on left: 25 26
        on right: 1 26
    Rule (52)
        on left: 27
        on right: 25 26
    OptBar (53)
        on left: 28 29
        on right: 27
    LHS (54)
        on left: 30 31
        on right: 27
    RHS (55)
        on left: 32 33
        on right: 27 33
    Production (56)
        on left: 34
        on right: 32 33
    NamedFields (57)
        on left: 35 36 37
        on right: 34 37 41 42
    NamedField (58)
        on left: 38 39
        on right: 36 37
    FIELD (59)
        on left: 40 41 42
        on right: 38 39
    REPEAT (60)
        on left: 43 44 45 46 47
        on right: 41
    Precedence (61)
        on left: 48 49
        on right: 34
    Type (62)
        on left: 50 51 52 53
        on right: 22 23 30 54 55
    Types (63)
        on left: 54 55
        on right: 51 52 55
    Action (64)
        on left: 56 57 58
        on right: 34
    Scala (65)
        on left: 59 60 61 62 63 64
        on right: 58 61 62 63 64 67 68 72
    Scalas (66)
        on left: 65 66
        on right: 60
    ScalaPlus (67)
        on left: 67 68
        on right: 66 68
    ScalaAtom (68)
        on left: 69 70 71 72
        on right: 59 60


State 0

    0 $accept: • Notation $end

    $default  reduce using rule 2 (Prefix)

    Notation  go to state 1
    Prefix    go to state 2


State 1

    0 $accept: Notation • $end

    $end  shift, and go to state 3


State 2

    1 Notation: Prefix • "%rules" INCLUDE Rules OPTNL
    3 Prefix: Prefix • "%notation" ID
    4       | Prefix • "%package" ID
    5       | Prefix • "%path" ID
    6       | Prefix • "%tables" ID
    7       | Prefix • "%include" CODE
    8       | Prefix • "%token" TypedTerminals
    9       | Prefix • "%left" TypedTerminals
   10       | Prefix • "%right" TypedTerminals
   11       | Prefix • "%non" TypedTerminals
   12       | Prefix • "%prec" TypedTerminals
   13       | Prefix • "%dialect" ID
   14       | Prefix • "%scalalr" ID
   15       | Prefix • "%signature" ID

    "%path"  shift, and go to state 4
    "%notation"  shift, and go to state 5
    "%package"  shift, and go to state 6
    "%token"  shift, and go to state 7
    "%left"  shift, and go to state 8
    "%right"  shift, and go to state 9
    "%non"  shift, and go to state 10
    "%rules"  shift, and go to state 11
    "%include"  shift, and go to state 12
    "%prec"  shift, and go to state 13
    "%tables"  shift, and go to state 14
    "%dialect"  shift, and go to state 15
    "%scalalr"  shift, and go to state 16
    "%signature"  shift, and go to state 17


State 3

    0 $accept: Notation $end •

    $default  accept


State 4

    5 Prefix: Prefix "%path" • ID

    ID  shift, and go to state 18


State 5

    3 Prefix: Prefix "%notation" • ID

    ID  shift, and go to state 19


State 6

    4 Prefix: Prefix "%package" • ID

    ID  shift, and go to state 20


State 7

    8 Prefix: Prefix "%token" • TypedTerminals

    ID  shift, and go to state 21

    $default  reduce using rule 20 (TypedTerminals)

    TypedTerminals  go to state 22
    TypedTerminal   go to state 23


State 8

    9 Prefix: Prefix "%left" • TypedTerminals

    ID  shift, and go to state 21

    $default  reduce using rule 20 (TypedTerminals)

    TypedTerminals  go to state 24
    TypedTerminal   go to state 23


State 9

   10 Prefix: Prefix "%right" • TypedTerminals

    ID  shift, and go to state 21

    $default  reduce using rule 20 (TypedTerminals)

    TypedTerminals  go to state 25
    TypedTerminal   go to state 23


State 10

   11 Prefix: Prefix "%non" • TypedTerminals

    ID  shift, and go to state 21

    $default  reduce using rule 20 (TypedTerminals)

    TypedTerminals  go to state 26
    TypedTerminal   go to state 23


State 11

    1 Notation: Prefix "%rules" • INCLUDE Rules OPTNL

    "%include"  shift, and go to state 27

    $default  reduce using rule 17 (INCLUDE)

    INCLUDE  go to state 28


State 12

    7 Prefix: Prefix "%include" • CODE

    CODE  shift, and go to state 29


State 13

   12 Prefix: Prefix "%prec" • TypedTerminals

    ID  shift, and go to state 21

    $default  reduce using rule 20 (TypedTerminals)

    TypedTerminals  go to state 30
    TypedTerminal   go to state 23


State 14

    6 Prefix: Prefix "%tables" • ID

    ID  shift, and go to state 31


State 15

   13 Prefix: Prefix "%dialect" • ID

    ID  shift, and go to state 32


State 16

   14 Prefix: Prefix "%scalalr" • ID

    ID  shift, and go to state 33


State 17

   15 Prefix: Prefix "%signature" • ID

    ID  shift, and go to state 34


State 18

    5 Prefix: Prefix "%path" ID •

    $default  reduce using rule 5 (Prefix)


State 19

    3 Prefix: Prefix "%notation" ID •

    $default  reduce using rule 3 (Prefix)


State 20

    4 Prefix: Prefix "%package" ID •

    $default  reduce using rule 4 (Prefix)


State 21

   22 TypedTerminal: ID • ":" Type
   23              | ID • "(" Type ")"
   24              | ID •

    ":"  shift, and go to state 35
    "("  shift, and go to state 36

    $default  reduce using rule 24 (TypedTerminal)


State 22

    8 Prefix: Prefix "%token" TypedTerminals •

    $default  reduce using rule 8 (Prefix)


State 23

   21 TypedTerminals: TypedTerminal • TypedTerminals

    ID  shift, and go to state 21

    $default  reduce using rule 20 (TypedTerminals)

    TypedTerminals  go to state 37
    TypedTerminal   go to state 23


State 24

    9 Prefix: Prefix "%left" TypedTerminals •

    $default  reduce using rule 9 (Prefix)


State 25

   10 Prefix: Prefix "%right" TypedTerminals •

    $default  reduce using rule 10 (Prefix)


State 26

   11 Prefix: Prefix "%non" TypedTerminals •

    $default  reduce using rule 11 (Prefix)


State 27

   16 INCLUDE: "%include" • CODE SEPARATOR

    CODE  shift, and go to state 38


State 28

    1 Notation: Prefix "%rules" INCLUDE • Rules OPTNL

    ID  shift, and go to state 39

    Rules  go to state 40
    Rule   go to state 41
    LHS    go to state 42


State 29

    7 Prefix: Prefix "%include" CODE •

    $default  reduce using rule 7 (Prefix)


State 30

   12 Prefix: Prefix "%prec" TypedTerminals •

    $default  reduce using rule 12 (Prefix)


State 31

    6 Prefix: Prefix "%tables" ID •

    $default  reduce using rule 6 (Prefix)


State 32

   13 Prefix: Prefix "%dialect" ID •

    $default  reduce using rule 13 (Prefix)


State 33

   14 Prefix: Prefix "%scalalr" ID •

    $default  reduce using rule 14 (Prefix)


State 34

   15 Prefix: Prefix "%signature" ID •

    $default  reduce using rule 15 (Prefix)


State 35

   22 TypedTerminal: ID ":" • Type

    ID      shift, and go to state 43
    "("  shift, and go to state 44

    Type  go to state 45


State 36

   23 TypedTerminal: ID "(" • Type ")"

    ID      shift, and go to state 43
    "("  shift, and go to state 44

    Type  go to state 46


State 37

   21 TypedTerminals: TypedTerminal TypedTerminals •

    $default  reduce using rule 21 (TypedTerminals)


State 38

   16 INCLUDE: "%include" CODE • SEPARATOR

    SEPARATOR  shift, and go to state 47


State 39

   30 LHS: ID • ":" Type
   31    | ID •

    ":"  shift, and go to state 48

    $default  reduce using rule 31 (LHS)


State 40

    1 Notation: Prefix "%rules" INCLUDE Rules • OPTNL
   26 Rules: Rules • SEPARATOR Rule

    SEPARATOR  shift, and go to state 49

    $default  reduce using rule 18 (OPTNL)

    OPTNL  go to state 50


State 41

   25 Rules: Rule •

    $default  reduce using rule 25 (Rules)


State 42

   27 Rule: LHS • "=" OptBar RHS

    "="  shift, and go to state 51


State 43

   50 Type: ID •
   51     | ID • "[" Types "]"

    "["  shift, and go to state 52

    $default  reduce using rule 50 (Type)


State 44

   52 Type: "(" • Types ")"
   53     | "(" • ")"

    ID      shift, and go to state 43
    "("  shift, and go to state 44
    ")"  shift, and go to state 53

    Type   go to state 54
    Types  go to state 55


State 45

   22 TypedTerminal: ID ":" Type •

    $default  reduce using rule 22 (TypedTerminal)


State 46

   23 TypedTerminal: ID "(" Type • ")"

    ")"  shift, and go to state 56


State 47

   16 INCLUDE: "%include" CODE SEPARATOR •

    $default  reduce using rule 16 (INCLUDE)


State 48

   30 LHS: ID ":" • Type

    ID      shift, and go to state 43
    "("  shift, and go to state 44

    Type  go to state 57


State 49

   19 OPTNL: SEPARATOR •
   26 Rules: Rules SEPARATOR • Rule

    ID  shift, and go to state 39

    $default  reduce using rule 19 (OPTNL)

    Rule  go to state 58
    LHS   go to state 42


State 50

    1 Notation: Prefix "%rules" INCLUDE Rules OPTNL •

    $default  reduce using rule 1 (Notation)


State 51

   27 Rule: LHS "=" • OptBar RHS

    "|"  shift, and go to state 59

    $default  reduce using rule 29 (OptBar)

    OptBar  go to state 60


State 52

   51 Type: ID "[" • Types "]"

    ID      shift, and go to state 43
    "("  shift, and go to state 44

    Type   go to state 54
    Types  go to state 61


State 53

   53 Type: "(" ")" •

    $default  reduce using rule 53 (Type)


State 54

   54 Types: Type •
   55      | Type • "," Types

    ","  shift, and go to state 62

    $default  reduce using rule 54 (Types)


State 55

   52 Type: "(" Types • ")"

    ")"  shift, and go to state 63


State 56

   23 TypedTerminal: ID "(" Type ")" •

    $default  reduce using rule 23 (TypedTerminal)


State 57

   30 LHS: ID ":" Type •

    $default  reduce using rule 30 (LHS)


State 58

   26 Rules: Rules SEPARATOR Rule •

    $default  reduce using rule 26 (Rules)


State 59

   28 OptBar: "|" •

    $default  reduce using rule 28 (OptBar)


State 60

   27 Rule: LHS "=" OptBar • RHS

    ID      shift, and go to state 64
    "("  shift, and go to state 65
    "%empty"  shift, and go to state 66

    RHS          go to state 67
    Production   go to state 68
    NamedFields  go to state 69
    NamedField   go to state 70
    FIELD        go to state 71


State 61

   51 Type: ID "[" Types • "]"

    "]"  shift, and go to state 72


State 62

   55 Types: Type "," • Types

    ID      shift, and go to state 43
    "("  shift, and go to state 44

    Type   go to state 54
    Types  go to state 73


State 63

   52 Type: "(" Types ")" •

    $default  reduce using rule 52 (Type)


State 64

   39 NamedField: ID • ":" FIELD
   40 FIELD: ID •

    ":"  shift, and go to state 74

    $default  reduce using rule 40 (FIELD)


State 65

   41 FIELD: "(" • NamedFields ")" REPEAT
   42      | "(" • NamedFields ")" "." "." "."

    ID      shift, and go to state 64
    "("  shift, and go to state 65
    "%empty"  shift, and go to state 66

    NamedFields  go to state 75
    NamedField   go to state 70
    FIELD        go to state 71


State 66

   35 NamedFields: "%empty" •

    $default  reduce using rule 35 (NamedFields)


State 67

   27 Rule: LHS "=" OptBar RHS •

    $default  reduce using rule 27 (Rule)


State 68

   32 RHS: Production •
   33    | Production • "|" RHS

    "|"  shift, and go to state 76

    $default  reduce using rule 32 (RHS)


State 69

   34 Production: NamedFields • Action Precedence

    CODE    shift, and go to state 77
    "=>"  shift, and go to state 78

    $default  reduce using rule 56 (Action)

    Action  go to state 79


State 70

   36 NamedFields: NamedField •
   37            | NamedField • NamedFields

    ID      shift, and go to state 64
    "("  shift, and go to state 65
    "%empty"  shift, and go to state 66

    $default  reduce using rule 36 (NamedFields)

    NamedFields  go to state 80
    NamedField   go to state 70
    FIELD        go to state 71


State 71

   38 NamedField: FIELD •

    $default  reduce using rule 38 (NamedField)


State 72

   51 Type: ID "[" Types "]" •

    $default  reduce using rule 51 (Type)


State 73

   55 Types: Type "," Types •

    $default  reduce using rule 55 (Types)


State 74

   39 NamedField: ID ":" • FIELD

    ID      shift, and go to state 81
    "("  shift, and go to state 65

    FIELD  go to state 82


State 75

   41 FIELD: "(" NamedFields • ")" REPEAT
   42      | "(" NamedFields • ")" "." "." "."

    ")"  shift, and go to state 83


State 76

   33 RHS: Production "|" • RHS

    ID      shift, and go to state 64
    "("  shift, and go to state 65
    "%empty"  shift, and go to state 66

    RHS          go to state 84
    Production   go to state 68
    NamedFields  go to state 69
    NamedField   go to state 70
    FIELD        go to state 71


State 77

   57 Action: CODE •

    $default  reduce using rule 57 (Action)


State 78

   58 Action: "=>" • Scala

    ID      shift, and go to state 85
    NUM     shift, and go to state 86
    "("  shift, and go to state 87
    "$"  shift, and go to state 88

    Scala      go to state 89
    ScalaAtom  go to state 90


State 79

   34 Production: NamedFields Action • Precedence

    "%prec"  shift, and go to state 91

    $default  reduce using rule 48 (Precedence)

    Precedence  go to state 92


State 80

   37 NamedFields: NamedField NamedFields •

    $default  reduce using rule 37 (NamedFields)


State 81

   40 FIELD: ID •

    $default  reduce using rule 40 (FIELD)


State 82

   39 NamedField: ID ":" FIELD •

    $default  reduce using rule 39 (NamedField)


State 83

   41 FIELD: "(" NamedFields ")" • REPEAT
   42      | "(" NamedFields ")" • "." "." "."

    "*"  shift, and go to state 93
    "?"  shift, and go to state 94
    "+"  shift, and go to state 95
    "."  shift, and go to state 96

    REPEAT  go to state 97


State 84

   33 RHS: Production "|" RHS •

    $default  reduce using rule 33 (RHS)


State 85

   69 ScalaAtom: ID •

    $default  reduce using rule 69 (ScalaAtom)


State 86

   71 ScalaAtom: NUM •

    $default  reduce using rule 71 (ScalaAtom)


State 87

   72 ScalaAtom: "(" • Scala ")"

    ID      shift, and go to state 85
    NUM     shift, and go to state 86
    "("  shift, and go to state 87
    "$"  shift, and go to state 88

    Scala      go to state 98
    ScalaAtom  go to state 90


State 88

   70 ScalaAtom: "$" • ID

    ID  shift, and go to state 99


State 89

   58 Action: "=>" Scala •
   61 Scala: Scala • "." Scala
   62      | Scala • "::" Scala
   63      | Scala • "+" Scala
   64      | Scala • "-" Scala

    "::"  shift, and go to state 100
    "+"  shift, and go to state 101
    "-"  shift, and go to state 102
    "."  shift, and go to state 103

    $default  reduce using rule 58 (Action)


State 90

   59 Scala: ScalaAtom •
   60      | ScalaAtom • "(" Scalas ")"

    "("  shift, and go to state 104

    $default  reduce using rule 59 (Scala)


State 91

   49 Precedence: "%prec" • ID

    ID  shift, and go to state 105


State 92

   34 Production: NamedFields Action Precedence •

    $default  reduce using rule 34 (Production)


State 93

   44 REPEAT: "*" •
   46       | "*" • "." "."

    "."  shift, and go to state 106

    $default  reduce using rule 44 (REPEAT)


State 94

   43 REPEAT: "?" •

    $default  reduce using rule 43 (REPEAT)


State 95

   45 REPEAT: "+" •
   47       | "+" • "." "."

    "."  shift, and go to state 107

    $default  reduce using rule 45 (REPEAT)


State 96

   42 FIELD: "(" NamedFields ")" "." • "." "."

    "."  shift, and go to state 108


State 97

   41 FIELD: "(" NamedFields ")" REPEAT •

    $default  reduce using rule 41 (FIELD)


State 98

   61 Scala: Scala • "." Scala
   62      | Scala • "::" Scala
   63      | Scala • "+" Scala
   64      | Scala • "-" Scala
   72 ScalaAtom: "(" Scala • ")"

    ")"  shift, and go to state 109
    "::"  shift, and go to state 100
    "+"  shift, and go to state 101
    "-"  shift, and go to state 102
    "."  shift, and go to state 103


State 99

   70 ScalaAtom: "$" ID •

    $default  reduce using rule 70 (ScalaAtom)


State 100

   62 Scala: Scala "::" • Scala

    ID      shift, and go to state 85
    NUM     shift, and go to state 86
    "("  shift, and go to state 87
    "$"  shift, and go to state 88

    Scala      go to state 110
    ScalaAtom  go to state 90


State 101

   63 Scala: Scala "+" • Scala

    ID      shift, and go to state 85
    NUM     shift, and go to state 86
    "("  shift, and go to state 87
    "$"  shift, and go to state 88

    Scala      go to state 111
    ScalaAtom  go to state 90


State 102

   64 Scala: Scala "-" • Scala

    ID      shift, and go to state 85
    NUM     shift, and go to state 86
    "("  shift, and go to state 87
    "$"  shift, and go to state 88

    Scala      go to state 112
    ScalaAtom  go to state 90


State 103

   61 Scala: Scala "." • Scala

    ID      shift, and go to state 85
    NUM     shift, and go to state 86
    "("  shift, and go to state 87
    "$"  shift, and go to state 88

    Scala      go to state 113
    ScalaAtom  go to state 90


State 104

   60 Scala: ScalaAtom "(" • Scalas ")"

    ID      shift, and go to state 85
    NUM     shift, and go to state 86
    "("  shift, and go to state 87
    "$"  shift, and go to state 88

    $default  reduce using rule 65 (Scalas)

    Scala      go to state 114
    Scalas     go to state 115
    ScalaPlus  go to state 116
    ScalaAtom  go to state 90


State 105

   49 Precedence: "%prec" ID •

    $default  reduce using rule 49 (Precedence)


State 106

   46 REPEAT: "*" "." • "."

    "."  shift, and go to state 117


State 107

   47 REPEAT: "+" "." • "."

    "."  shift, and go to state 118


State 108

   42 FIELD: "(" NamedFields ")" "." "." • "."

    "."  shift, and go to state 119


State 109

   72 ScalaAtom: "(" Scala ")" •

    $default  reduce using rule 72 (ScalaAtom)


State 110

   61 Scala: Scala • "." Scala
   62      | Scala • "::" Scala
   62      | Scala "::" Scala •
   63      | Scala • "+" Scala
   64      | Scala • "-" Scala

    "::"  shift, and go to state 100
    "+"  shift, and go to state 101
    "-"  shift, and go to state 102
    "."  shift, and go to state 103

    $default  reduce using rule 62 (Scala)


State 111

   61 Scala: Scala • "." Scala
   62      | Scala • "::" Scala
   63      | Scala • "+" Scala
   63      | Scala "+" Scala •
   64      | Scala • "-" Scala

    "."  shift, and go to state 103

    $default  reduce using rule 63 (Scala)


State 112

   61 Scala: Scala • "." Scala
   62      | Scala • "::" Scala
   63      | Scala • "+" Scala
   64      | Scala • "-" Scala
   64      | Scala "-" Scala •

    "."  shift, and go to state 103

    $default  reduce using rule 64 (Scala)


State 113

   61 Scala: Scala • "." Scala
   61      | Scala "." Scala •
   62      | Scala • "::" Scala
   63      | Scala • "+" Scala
   64      | Scala • "-" Scala

    "."  shift, and go to state 103

    $default  reduce using rule 61 (Scala)


State 114

   61 Scala: Scala • "." Scala
   62      | Scala • "::" Scala
   63      | Scala • "+" Scala
   64      | Scala • "-" Scala
   67 ScalaPlus: Scala •

    "::"  shift, and go to state 100
    "+"  shift, and go to state 101
    "-"  shift, and go to state 102
    "."  shift, and go to state 103

    $default  reduce using rule 67 (ScalaPlus)


State 115

   60 Scala: ScalaAtom "(" Scalas • ")"

    ")"  shift, and go to state 120


State 116

   66 Scalas: ScalaPlus •
   68 ScalaPlus: ScalaPlus • "," Scala

    ","  shift, and go to state 121

    $default  reduce using rule 66 (Scalas)


State 117

   46 REPEAT: "*" "." "." •

    $default  reduce using rule 46 (REPEAT)


State 118

   47 REPEAT: "+" "." "." •

    $default  reduce using rule 47 (REPEAT)


State 119

   42 FIELD: "(" NamedFields ")" "." "." "." •

    $default  reduce using rule 42 (FIELD)


State 120

   60 Scala: ScalaAtom "(" Scalas ")" •

    $default  reduce using rule 60 (Scala)


State 121

   68 ScalaPlus: ScalaPlus "," • Scala

    ID      shift, and go to state 85
    NUM     shift, and go to state 86
    "("  shift, and go to state 87
    "$"  shift, and go to state 88

    Scala      go to state 122
    ScalaAtom  go to state 90


State 122

   61 Scala: Scala • "." Scala
   62      | Scala • "::" Scala
   63      | Scala • "+" Scala
   64      | Scala • "-" Scala
   68 ScalaPlus: ScalaPlus "," Scala •

    "::"  shift, and go to state 100
    "+"  shift, and go to state 101
    "-"  shift, and go to state 102
    "."  shift, and go to state 103

    $default  reduce using rule 68 (ScalaPlus)
