Terminals unused in grammar

    LEXICALERROR


Grammar

    0 $accept: top $end

    1 top: ids

    2 ids: idList

    3 idList: ID
    4      | idList `;` ID


Terminals, with rules where they appear

    $end (0) 0
    error (256)
    ID (258) 3 4
    `;` (259) 4
    LEXICALERROR (260)


Nonterminals, with rules where they appear

    $accept (6)
        on left: 0
    top (7)
        on left: 1
        on right: 0
    ids (8)
        on left: 2
        on right: 1
    idList (9)
        on left: 3 4
        on right: 2 4


State 0

    0 $accept: • top $end

    ID  shift, and go to state 1

    top  go to state 2
    ids  go to state 3
    idList  go to state 4


State 1

    3 idList: ID •

    $default  reduce using rule 3 (idList)


State 2

    0 $accept: top • $end

    $end  shift, and go to state 5


State 3

    1 top: ids •

    $default  reduce using rule 1 (top)


State 4

    2 ids: idList •
    4 idList: idList • `;` ID

    `;`  shift, and go to state 6

    $default  reduce using rule 2 (ids)


State 5

    0 $accept: top $end •

    $default  accept


State 6

    4 idList: idList `;` • ID

    ID  shift, and go to state 7


State 7

    4 idList: idList `;` ID •

    $default  reduce using rule 4 (idList)
